Archive member included to satisfy reference by file (symbol)

/usr/local/mcuxpressoide-11.0.1_2563/ide/plugins/com.nxp.mcuxpresso.tools.linux_11.0.1.201907311258/tools/bin/../lib/gcc/arm-none-eabi/8.2.1/thumb/v6-m/nofp/libgcc.a(_udivsi3.o)
                              ./utilities/fsl_debug_console.o (__aeabi_uidiv)
/usr/local/mcuxpressoide-11.0.1_2563/ide/plugins/com.nxp.mcuxpresso.tools.linux_11.0.1.201907311258/tools/bin/../lib/gcc/arm-none-eabi/8.2.1/thumb/v6-m/nofp/libgcc.a(_divsi3.o)
                              ./utilities/fsl_debug_console.o (__aeabi_idiv)
/usr/local/mcuxpressoide-11.0.1_2563/ide/plugins/com.nxp.mcuxpresso.tools.linux_11.0.1.201907311258/tools/bin/../lib/gcc/arm-none-eabi/8.2.1/thumb/v6-m/nofp/libgcc.a(_dvmd_tls.o)
                              /usr/local/mcuxpressoide-11.0.1_2563/ide/plugins/com.nxp.mcuxpresso.tools.linux_11.0.1.201907311258/tools/bin/../lib/gcc/arm-none-eabi/8.2.1/thumb/v6-m/nofp/libgcc.a(_udivsi3.o) (__aeabi_idiv0)
/usr/local/mcuxpressoide-11.0.1_2563/ide/plugins/com.nxp.mcuxpresso.tools.linux_11.0.1.201907311258/tools/bin/../lib/gcc/arm-none-eabi/8.2.1/../../../../arm-none-eabi/lib/thumb/v6-m/nofp/libc_nano.a(lib_a-init.o)
                              ./startup/startup_mkl25z4.o (__libc_init_array)
/usr/local/mcuxpressoide-11.0.1_2563/ide/plugins/com.nxp.mcuxpresso.tools.linux_11.0.1.201907311258/tools/bin/../lib/gcc/arm-none-eabi/8.2.1/../../../../arm-none-eabi/lib/thumb/v6-m/nofp/libc_nano.a(lib_a-malloc.o)
                              ./source/cpp_config.o (malloc)
/usr/local/mcuxpressoide-11.0.1_2563/ide/plugins/com.nxp.mcuxpresso.tools.linux_11.0.1.201907311258/tools/bin/../lib/gcc/arm-none-eabi/8.2.1/../../../../arm-none-eabi/lib/thumb/v6-m/nofp/libc_nano.a(lib_a-memcpy-stub.o)
                              ./drivers/fsl_flash.o (memcpy)
/usr/local/mcuxpressoide-11.0.1_2563/ide/plugins/com.nxp.mcuxpresso.tools.linux_11.0.1.201907311258/tools/bin/../lib/gcc/arm-none-eabi/8.2.1/../../../../arm-none-eabi/lib/thumb/v6-m/nofp/libc_nano.a(lib_a-memset.o)
                              ./source/MKL25Z128xxx4_Timer.o (memset)
/usr/local/mcuxpressoide-11.0.1_2563/ide/plugins/com.nxp.mcuxpresso.tools.linux_11.0.1.201907311258/tools/bin/../lib/gcc/arm-none-eabi/8.2.1/../../../../arm-none-eabi/lib/thumb/v6-m/nofp/libc_nano.a(lib_a-nano-freer.o)
                              /usr/local/mcuxpressoide-11.0.1_2563/ide/plugins/com.nxp.mcuxpresso.tools.linux_11.0.1.201907311258/tools/bin/../lib/gcc/arm-none-eabi/8.2.1/../../../../arm-none-eabi/lib/thumb/v6-m/nofp/libc_nano.a(lib_a-malloc.o) (_free_r)
/usr/local/mcuxpressoide-11.0.1_2563/ide/plugins/com.nxp.mcuxpresso.tools.linux_11.0.1.201907311258/tools/bin/../lib/gcc/arm-none-eabi/8.2.1/../../../../arm-none-eabi/lib/thumb/v6-m/nofp/libc_nano.a(lib_a-nano-mallocr.o)
                              /usr/local/mcuxpressoide-11.0.1_2563/ide/plugins/com.nxp.mcuxpresso.tools.linux_11.0.1.201907311258/tools/bin/../lib/gcc/arm-none-eabi/8.2.1/../../../../arm-none-eabi/lib/thumb/v6-m/nofp/libc_nano.a(lib_a-malloc.o) (_malloc_r)
/usr/local/mcuxpressoide-11.0.1_2563/ide/plugins/com.nxp.mcuxpresso.tools.linux_11.0.1.201907311258/tools/bin/../lib/gcc/arm-none-eabi/8.2.1/../../../../arm-none-eabi/lib/thumb/v6-m/nofp/libc_nano.a(lib_a-sbrkr.o)
                              /usr/local/mcuxpressoide-11.0.1_2563/ide/plugins/com.nxp.mcuxpresso.tools.linux_11.0.1.201907311258/tools/bin/../lib/gcc/arm-none-eabi/8.2.1/../../../../arm-none-eabi/lib/thumb/v6-m/nofp/libc_nano.a(lib_a-nano-mallocr.o) (_sbrk_r)
/usr/local/mcuxpressoide-11.0.1_2563/ide/plugins/com.nxp.mcuxpresso.tools.linux_11.0.1.201907311258/tools/bin/../lib/gcc/arm-none-eabi/8.2.1/../../../../arm-none-eabi/lib/thumb/v6-m/nofp/libc_nano.a(lib_a-strlen.o)
                              ./utilities/fsl_debug_console.o (strlen)
/usr/local/mcuxpressoide-11.0.1_2563/ide/plugins/com.nxp.mcuxpresso.tools.linux_11.0.1.201907311258/tools/bin/../lib/gcc/arm-none-eabi/8.2.1/../../../../arm-none-eabi/lib/thumb/v6-m/nofp/libc_nano.a(lib_a-impure.o)
                              /usr/local/mcuxpressoide-11.0.1_2563/ide/plugins/com.nxp.mcuxpresso.tools.linux_11.0.1.201907311258/tools/bin/../lib/gcc/arm-none-eabi/8.2.1/../../../../arm-none-eabi/lib/thumb/v6-m/nofp/libc_nano.a(lib_a-malloc.o) (_impure_ptr)
/usr/local/mcuxpressoide-11.0.1_2563/ide/plugins/com.nxp.mcuxpresso.tools.linux_11.0.1.201907311258/tools/bin/../lib/gcc/arm-none-eabi/8.2.1/../../../../arm-none-eabi/lib/thumb/v6-m/nofp/libc_nano.a(lib_a-mlock.o)
                              /usr/local/mcuxpressoide-11.0.1_2563/ide/plugins/com.nxp.mcuxpresso.tools.linux_11.0.1.201907311258/tools/bin/../lib/gcc/arm-none-eabi/8.2.1/../../../../arm-none-eabi/lib/thumb/v6-m/nofp/libc_nano.a(lib_a-nano-freer.o) (__malloc_lock)
/usr/local/mcuxpressoide-11.0.1_2563/ide/plugins/com.nxp.mcuxpresso.tools.linux_11.0.1.201907311258/tools/bin/../lib/gcc/arm-none-eabi/8.2.1/../../../../arm-none-eabi/lib/thumb/v6-m/nofp/libc_nano.a(lib_a-reent.o)
[...]
Memory Configuration

Name             Origin             Length             Attributes
PROGRAM_FLASH    0x0000000000000000 0x0000000000020000 xr
SRAM             0x000000001ffff000 0x0000000000004000 xrw
*default*        0x0000000000000000 0xffffffffffffffff

Linker script and memory map

LOAD ./utilities/fsl_debug_console.o
LOAD ./startup/startup_mkl25z4.o
LOAD ./source/MKL25Z128xxx4_Timer.o
LOAD ./source/SwTimer.o
LOAD ./source/Ticker.o
LOAD ./source/cpp_config.o
LOAD ./source/mtb.o
LOAD ./source/semihost_hardfault.o
LOAD ./drivers/fsl_adc16.o
LOAD ./drivers/fsl_clock.o
LOAD ./drivers/fsl_cmp.o
LOAD ./drivers/fsl_common.o
LOAD ./drivers/fsl_cop.o
LOAD ./drivers/fsl_dac.o
LOAD ./drivers/fsl_dma.o
LOAD ./drivers/fsl_dmamux.o
LOAD ./drivers/fsl_flash.o
LOAD ./drivers/fsl_gpio.o
LOAD ./drivers/fsl_i2c.o
LOAD ./drivers/fsl_i2c_dma.o
LOAD ./drivers/fsl_llwu.o
LOAD ./drivers/fsl_lpsci.o
LOAD ./drivers/fsl_lpsci_dma.o
LOAD ./drivers/fsl_lptmr.o
LOAD ./drivers/fsl_pit.o
LOAD ./drivers/fsl_pmc.o
LOAD ./drivers/fsl_rcm.o
LOAD ./drivers/fsl_rtc.o
LOAD ./drivers/fsl_sim.o
LOAD ./drivers/fsl_smc.o
LOAD ./drivers/fsl_spi.o
LOAD ./drivers/fsl_spi_dma.o
LOAD ./drivers/fsl_tpm.o
LOAD ./drivers/fsl_tsi_v4.o
LOAD ./drivers/fsl_uart.o
LOAD ./drivers/fsl_uart_dma.o
LOAD ./board/board.o
LOAD ./board/clock_config.o
LOAD ./board/peripherals.o
LOAD ./board/pin_mux.o
LOAD ./CMSIS/system_MKL25Z4.o
START GROUP
LOAD /usr/local/mcuxpressoide-11.0.1_2563/ide/plugins/com.nxp.mcuxpresso.tools.linux_11.0.1.201907311258/tools/bin/../lib/gcc/arm-none-eabi/8.2.1/thumb/v6-m/nofp/libgcc.a
LOAD /usr/local/mcuxpressoide-11.0.1_2563/ide/plugins/com.nxp.mcuxpresso.tools.linux_11.0.1.201907311258/tools/bin/../lib/gcc/arm-none-eabi/8.2.1/../../../../arm-none-eabi/lib/thumb/v6-m/nofp/libc_nano.a
LOAD /usr/local/mcuxpressoide-11.0.1_2563/ide/plugins/com.nxp.mcuxpresso.tools.linux_11.0.1.201907311258/tools/bin/../lib/gcc/arm-none-eabi/8.2.1/../../../../arm-none-eabi/lib/thumb/v6-m/nofp/libstdc++_nano.a
LOAD /usr/local/mcuxpressoide-11.0.1_2563/ide/plugins/com.nxp.mcuxpresso.tools.linux_11.0.1.201907311258/tools/bin/../lib/gcc/arm-none-eabi/8.2.1/../../../../arm-none-eabi/lib/thumb/v6-m/nofp/libm.a
LOAD /usr/local/mcuxpressoide-11.0.1_2563/ide/plugins/com.nxp.mcuxpresso.tools.linux_11.0.1.201907311258/tools/bin/../lib/gcc/arm-none-eabi/8.2.1/../../../../arm-none-eabi/lib/thumb/v6-m/nofp/libcr_newlib_nohost.a
LOAD /usr/local/mcuxpressoide-11.0.1_2563/ide/plugins/com.nxp.mcuxpresso.tools.linux_11.0.1.201907311258/tools/bin/../lib/gcc/arm-none-eabi/8.2.1/thumb/v6-m/nofp/crti.o
LOAD /usr/local/mcuxpressoide-11.0.1_2563/ide/plugins/com.nxp.mcuxpresso.tools.linux_11.0.1.201907311258/tools/bin/../lib/gcc/arm-none-eabi/8.2.1/thumb/v6-m/nofp/crtn.o
LOAD /usr/local/mcuxpressoide-11.0.1_2563/ide/plugins/com.nxp.mcuxpresso.tools.linux_11.0.1.201907311258/tools/bin/../lib/gcc/arm-none-eabi/8.2.1/thumb/v6-m/nofp/crtbegin.o
LOAD /usr/local/mcuxpressoide-11.0.1_2563/ide/plugins/com.nxp.mcuxpresso.tools.linux_11.0.1.201907311258/tools/bin/../lib/gcc/arm-none-eabi/8.2.1/thumb/v6-m/nofp/crtend.o
END GROUP
                0x0000000000000000                __base_PROGRAM_FLASH = 0x0
                0x0000000000000000                __base_Flash = 0x0
                0x0000000000020000                __top_PROGRAM_FLASH = 0x20000
                0x0000000000020000                __top_Flash = 0x20000
                0x000000001ffff000                __base_SRAM = 0x1ffff000
                0x000000001ffff000                __base_RAM = 0x1ffff000
                0x0000000020003000                __top_SRAM = 0x20003000
                0x0000000020003000                __top_RAM = 0x20003000

.text           0x0000000000000000     0x354c
 FILL mask 0xff
                0x0000000000000000                __vectors_start__ = ABSOLUTE (.)
 *(SORT_BY_ALIGNMENT(.isr_vector))
 .isr_vector    0x0000000000000000       0xc0 ./startup/startup_mkl25z4.o
                0x0000000000000000                __Vectors
                0x0000000000000000                g_pfnVectors
                0x00000000000000c0                . = ALIGN (0x4)
                0x00000000000000c0                __section_table_start = .
                0x00000000000000c0                __data_section_table = .
                0x00000000000000c0        0x4 LONG 0x354c LOADADDR (.data)
                0x00000000000000c4        0x4 LONG 0x1ffff080 ADDR (.data)
                0x00000000000000c8        0x4 LONG 0x14 SIZEOF (.data)
                0x00000000000000cc                __data_section_table_end = .
                0x00000000000000cc                __bss_section_table = .
                0x00000000000000cc        0x4 LONG 0x1ffff098 ADDR (.bss)
                0x00000000000000d0        0x4 LONG 0x120 SIZEOF (.bss)
                0x00000000000000d4                __bss_section_table_end = .
                0x00000000000000d4                __section_table_end = .
 *(SORT_BY_ALIGNMENT(.after_vectors*))
 .after_vectors.reset
                0x00000000000000d4       0x50 ./startup/startup_mkl25z4.o
                0x00000000000000d4                ResetISR
 .after_vectors.init_data
                0x0000000000000124       0x12 ./startup/startup_mkl25z4.o
                0x0000000000000124                data_init(unsigned int, unsigned int, unsigned int)
 .after_vectors.init_bss
                0x0000000000000136       0x10 ./startup/startup_mkl25z4.o
                0x0000000000000136                bss_init(unsigned int, unsigned int)
 .after_vectors
                0x0000000000000146      0x10c ./startup/startup_mkl25z4.o
                0x0000000000000146                NMI_Handler
                0x000000000000014a                SVC_Handler
                0x000000000000014c                PendSV_Handler
                0x0000000000000150                PIT_DriverIRQHandler
                0x0000000000000150                Reserved39_DriverIRQHandler
                0x0000000000000150                LPTMR0_DriverIRQHandler
                0x0000000000000150                TPM2_DriverIRQHandler
                0x0000000000000150                TSI0_DriverIRQHandler
                0x0000000000000150                RTC_Seconds_DriverIRQHandler
                0x0000000000000150                LLWU_DriverIRQHandler
                0x0000000000000150                MCG_DriverIRQHandler
                0x0000000000000150                FTFA_DriverIRQHandler
                0x0000000000000150                IntDefaultHandler
                0x0000000000000150                USB0_DriverIRQHandler
                0x0000000000000150                DAC0_DriverIRQHandler
                0x0000000000000150                LVD_LVW_DriverIRQHandler
                0x0000000000000150                TPM0_DriverIRQHandler
                0x0000000000000150                Reserved20_DriverIRQHandler
                0x0000000000000150                Reserved45_DriverIRQHandler
                0x0000000000000150                PORTA_DriverIRQHandler
                0x0000000000000150                TPM1_DriverIRQHandler
                0x0000000000000150                RTC_DriverIRQHandler
                0x0000000000000150                ADC0_DriverIRQHandler
                0x0000000000000150                CMP0_DriverIRQHandler
                0x0000000000000150                PORTD_DriverIRQHandler
                0x0000000000000152                DMA0_IRQHandler
                0x000000000000015a                DMA1_IRQHandler
                0x0000000000000162                DMA2_IRQHandler
                0x000000000000016a                DMA3_IRQHandler
                0x0000000000000172                Reserved20_IRQHandler
                0x000000000000017a                FTFA_IRQHandler
                0x0000000000000182                LVD_LVW_IRQHandler
                0x000000000000018a                LLWU_IRQHandler
                0x0000000000000192                I2C0_IRQHandler
                0x000000000000019a                I2C1_IRQHandler
                0x00000000000001a2                SPI0_IRQHandler
                0x00000000000001aa                SPI1_IRQHandler
                0x00000000000001b2                UART0_IRQHandler
                0x00000000000001ba                UART1_IRQHandler
                0x00000000000001c2                UART2_IRQHandler
                0x00000000000001ca                ADC0_IRQHandler
                0x00000000000001d2                CMP0_IRQHandler
                0x00000000000001da                TPM0_IRQHandler
                0x00000000000001e2                TPM1_IRQHandler
                0x00000000000001ea                TPM2_IRQHandler
                0x00000000000001f2                RTC_IRQHandler
                0x00000000000001fa                RTC_Seconds_IRQHandler
                0x0000000000000202                PIT_IRQHandler
                0x000000000000020a                Reserved39_IRQHandler
                0x0000000000000212                USB0_IRQHandler
                0x000000000000021a                DAC0_IRQHandler
                0x0000000000000222                TSI0_IRQHandler
                0x000000000000022a                MCG_IRQHandler
                0x0000000000000232                LPTMR0_IRQHandler
                0x000000000000023a                Reserved45_IRQHandler
                0x0000000000000242                PORTA_IRQHandler
                0x000000000000024a                PORTD_IRQHandler
                0x0000000000000400                . = 0x400
 *fill*         0x0000000000000252      0x1ae ff
                0x0000000000000400                PROVIDE (__FLASH_CONFIG_START__ = .)
 *(SORT_BY_ALIGNMENT(.FlashConfig))
 .FlashConfig   0x0000000000000400       0x10 ./startup/startup_mkl25z4.o
                0x0000000000000410                PROVIDE (__FLASH_CONFIG_END__ = .)
                0x0000000000000001                ASSERT (! ((__FLASH_CONFIG_START__ == __FLASH_CONFIG_END__)), Linker Flash Config Support Enabled, but no .FlashConfig section provided within application)
 *(SORT_BY_ALIGNMENT(.text*))
 .text.DbgConsole_Init
                0x0000000000000410       0xf0 ./utilities/fsl_debug_console.o
                0x0000000000000410                DbgConsole_Init
 .text.DbgConsole_Printf
                0x0000000000000500       0x44 ./utilities/fsl_debug_console.o
                0x0000000000000500                DbgConsole_Printf
 .text.DbgConsole_Putchar
                0x0000000000000544       0x34 ./utilities/fsl_debug_console.o
                0x0000000000000544                DbgConsole_Putchar
 .text.NVIC_EnableIRQ
                0x0000000000000578       0x2c ./source/MKL25Z128xxx4_Timer.o
 .text.NVIC_SetPriority
                0x00000000000005a4       0xec ./source/MKL25Z128xxx4_Timer.o
 .text.SysTick_Config
                0x0000000000000690       0x48 ./source/MKL25Z128xxx4_Timer.o
 .text._Z14getRunTimeInMsv
                0x00000000000006d8       0x30 ./source/MKL25Z128xxx4_Timer.o
                0x00000000000006d8                getRunTimeInMs()
 .text.SysTick_Handler
                0x0000000000000708       0x30 ./source/MKL25Z128xxx4_Timer.o
                0x0000000000000708                SysTick_Handler
 .text._Z8callbackR7SwTimer
                0x0000000000000738       0x2c ./source/MKL25Z128xxx4_Timer.o
                0x0000000000000738                callback(SwTimer&)
 .text._Z9callback2R7SwTimer
                0x0000000000000764       0x3c ./source/MKL25Z128xxx4_Timer.o
                0x0000000000000764                callback2(SwTimer&)
 .text.main     0x00000000000007a0      0x150 ./source/MKL25Z128xxx4_Timer.o
                0x00000000000007a0                main
 .text._ZN6TickerILj5EJXadL_Z8swTimer1EEXadL_Z8swTimer2EEXadL_Z8swTimer3EEXadL_Z8swTimer4EEEE15checkExpirationEv
                0x00000000000008f0       0x70 ./source/MKL25Z128xxx4_Timer.o
                0x00000000000008f0                Ticker<5u, &swTimer1, &swTimer2, &swTimer3, &swTimer4>::checkExpiration()
 .text._Z41__static_initialization_and_destruction_0ii
                0x0000000000000960       0xa0 ./source/MKL25Z128xxx4_Timer.o
 .text._ZN6TickerILj5EJXadL_Z8swTimer1EEXadL_Z8swTimer2EEXadL_Z8swTimer3EEXadL_Z8swTimer4EEEE12attach_timerEP7SwTimer
                0x0000000000000a00       0x44 ./source/MKL25Z128xxx4_Timer.o
                0x0000000000000a00                Ticker<5u, &swTimer1, &swTimer2, &swTimer3, &swTimer4>::attach_timer(SwTimer*)
 .text._ZN6TickerILj5EJXadL_Z8swTimer1EEXadL_Z8swTimer2EEXadL_Z8swTimer3EEXadL_Z8swTimer4EEEE12detach_timerEP7SwTimer
                0x0000000000000a44       0x48 ./source/MKL25Z128xxx4_Timer.o
                0x0000000000000a44                Ticker<5u, &swTimer1, &swTimer2, &swTimer3, &swTimer4>::detach_timer(SwTimer*)
 .text._GLOBAL__sub_I_glTicks
                0x0000000000000a8c       0x18 ./source/MKL25Z128xxx4_Timer.o
 .text.HardFault_Handler
                0x0000000000000aa4       0x30 ./source/semihost_hardfault.o
                0x0000000000000aa4                HardFault_Handler
 .text.CLOCK_SetEr32kClock
                0x0000000000000ad4       0x34 ./drivers/fsl_clock.o
 .text.CLOCK_SetPllFllSelClock
                0x0000000000000b08       0x38 ./drivers/fsl_clock.o
 .text.CLOCK_GetMcgExtClkFreq
                0x0000000000000b40       0x34 ./drivers/fsl_clock.o
 .text.CLOCK_GetFllExtRefClkFreq
                0x0000000000000b74       0xa4 ./drivers/fsl_clock.o
 .text.CLOCK_GetInternalRefClkSelectFreq
                0x0000000000000c18       0x40 ./drivers/fsl_clock.o
 .text.CLOCK_GetFllRefClkFreq
                0x0000000000000c58       0x2c ./drivers/fsl_clock.o
 .text.CLOCK_GetOscRangeFromFreq
                0x0000000000000c84       0x4c ./drivers/fsl_clock.o
 .text.CLOCK_GetOsc0ErClkFreq
                0x0000000000000cd0       0x4c ./drivers/fsl_clock.o
                0x0000000000000cd0                CLOCK_GetOsc0ErClkFreq
 .text.CLOCK_GetEr32kClkFreq
                0x0000000000000d1c       0x84 ./drivers/fsl_clock.o
                0x0000000000000d1c                CLOCK_GetEr32kClkFreq
 .text.CLOCK_GetPllFllSelClkFreq
                0x0000000000000da0       0x4c ./drivers/fsl_clock.o
                0x0000000000000da0                CLOCK_GetPllFllSelClkFreq
 .text.CLOCK_GetFreq
                0x0000000000000dec       0xe0 ./drivers/fsl_clock.o
                0x0000000000000dec                CLOCK_GetFreq
 .text.CLOCK_SetSimConfig
                0x0000000000000ecc       0x38 ./drivers/fsl_clock.o
                0x0000000000000ecc                CLOCK_SetSimConfig
 .text.CLOCK_GetOutClkFreq
                0x0000000000000f04       0x68 ./drivers/fsl_clock.o
                0x0000000000000f04                CLOCK_GetOutClkFreq
 .text.CLOCK_GetFllFreq
                0x0000000000000f6c       0x84 ./drivers/fsl_clock.o
                0x0000000000000f6c                CLOCK_GetFllFreq
 .text.CLOCK_GetInternalRefClkFreq
                0x0000000000000ff0       0x28 ./drivers/fsl_clock.o
                0x0000000000000ff0                CLOCK_GetInternalRefClkFreq
 .text.CLOCK_GetPll0Freq
                0x0000000000001018       0x80 ./drivers/fsl_clock.o
                0x0000000000001018                CLOCK_GetPll0Freq
 .text.CLOCK_SetInternalRefClkConfig
                0x0000000000001098      0x124 ./drivers/fsl_clock.o
                0x0000000000001098                CLOCK_SetInternalRefClkConfig
 .text.CLOCK_EnablePll0
                0x00000000000011bc       0xa0 ./drivers/fsl_clock.o
                0x00000000000011bc                CLOCK_EnablePll0
 .text.CLOCK_InitOsc0
                0x000000000000125c       0x94 ./drivers/fsl_clock.o
                0x000000000000125c                CLOCK_InitOsc0
 .text.CLOCK_SetPbeMode
                0x00000000000012f0       0xc0 ./drivers/fsl_clock.o
                0x00000000000012f0                CLOCK_SetPbeMode
 .text.CLOCK_BootToPeeMode
                0x00000000000013b0       0x80 ./drivers/fsl_clock.o
                0x00000000000013b0                CLOCK_BootToPeeMode
 .text.__assert_func
                0x0000000000001430       0x28 ./drivers/fsl_common.o
                0x0000000000001430                __assert_func
 .text.DMA_ClearChannelStatusFlags
                0x0000000000001458       0x64 ./drivers/fsl_dma.o
 .text.DMA_HandleIRQ
                0x00000000000014bc       0x60 ./drivers/fsl_dma.o
                0x00000000000014bc                DMA_HandleIRQ
 .text.DMA0_DriverIRQHandler
                0x000000000000151c       0x18 ./drivers/fsl_dma.o
                0x000000000000151c                DMA0_DriverIRQHandler
 .text.DMA1_DriverIRQHandler
                0x0000000000001534       0x18 ./drivers/fsl_dma.o
                0x0000000000001534                DMA1_DriverIRQHandler
 .text.DMA2_DriverIRQHandler
                0x000000000000154c       0x18 ./drivers/fsl_dma.o
                0x000000000000154c                DMA2_DriverIRQHandler
 .text.DMA3_DriverIRQHandler
                0x0000000000001564       0x18 ./drivers/fsl_dma.o
                0x0000000000001564                DMA3_DriverIRQHandler
 .text.I2C_TransferCommonIRQHandler
                0x000000000000157c       0x54 ./drivers/fsl_i2c.o
 .text.I2C0_DriverIRQHandler
                0x00000000000015d0       0x20 ./drivers/fsl_i2c.o
                0x00000000000015d0                I2C0_DriverIRQHandler
 .text.I2C1_DriverIRQHandler
                0x00000000000015f0       0x20 ./drivers/fsl_i2c.o
                0x00000000000015f0                I2C1_DriverIRQHandler
 .text.CLOCK_EnableClock
                0x0000000000001610       0x34 ./drivers/fsl_lpsci.o
 .text.LPSCI_GetInstance
                0x0000000000001644       0x54 ./drivers/fsl_lpsci.o
                0x0000000000001644                LPSCI_GetInstance
 .text.LPSCI_Init
                0x0000000000001698      0x268 ./drivers/fsl_lpsci.o
                0x0000000000001698                LPSCI_Init
 .text.LPSCI_GetDefaultConfig
                0x0000000000001900       0x54 ./drivers/fsl_lpsci.o
                0x0000000000001900                LPSCI_GetDefaultConfig
 .text.LPSCI_ClearStatusFlags
                0x0000000000001954       0x94 ./drivers/fsl_lpsci.o
                0x0000000000001954                LPSCI_ClearStatusFlags
 .text.LPSCI_WriteBlocking
                0x00000000000019e8       0x5c ./drivers/fsl_lpsci.o
                0x00000000000019e8                LPSCI_WriteBlocking
 .text.LPSCI_ReadBlocking
                0x0000000000001a44       0xd0 ./drivers/fsl_lpsci.o
                0x0000000000001a44                LPSCI_ReadBlocking
 .text.UART0_DriverIRQHandler
                0x0000000000001b14       0x24 ./drivers/fsl_lpsci.o
                0x0000000000001b14                UART0_DriverIRQHandler
 .text.SPI_CommonIRQHandler
                0x0000000000001b38       0x54 ./drivers/fsl_spi.o
 .text.SPI0_DriverIRQHandler
                0x0000000000001b8c       0x40 ./drivers/fsl_spi.o
                0x0000000000001b8c                SPI0_DriverIRQHandler
 .text.SPI1_DriverIRQHandler
                0x0000000000001bcc       0x40 ./drivers/fsl_spi.o
                0x0000000000001bcc                SPI1_DriverIRQHandler
 .text.CLOCK_EnableClock
                0x0000000000001c0c       0x34 ./drivers/fsl_uart.o
 .text.UART_GetInstance
                0x0000000000001c40       0x60 ./drivers/fsl_uart.o
                0x0000000000001c40                UART_GetInstance
 .text.UART_Init
                0x0000000000001ca0      0x1f0 ./drivers/fsl_uart.o
                0x0000000000001ca0                UART_Init
 .text.UART_GetDefaultConfig
                0x0000000000001e90       0x54 ./drivers/fsl_uart.o
                0x0000000000001e90                UART_GetDefaultConfig
 .text.UART_ReadBlocking
                0x0000000000001ee4       0xa8 ./drivers/fsl_uart.o
                0x0000000000001ee4                UART_ReadBlocking
 .text.UART1_DriverIRQHandler
                0x0000000000001f8c       0x24 ./drivers/fsl_uart.o
                0x0000000000001f8c                UART1_DriverIRQHandler
 .text.UART2_DriverIRQHandler
                0x0000000000001fb0       0x24 ./drivers/fsl_uart.o
                0x0000000000001fb0                UART2_DriverIRQHandler
 .text.CLOCK_SetLpsci0Clock
                0x0000000000001fd4       0x38 ./board/board.o
 .text.BOARD_InitDebugConsole
                0x000000000000200c       0x30 ./board/board.o
                0x000000000000200c                BOARD_InitDebugConsole
 .text.CLOCK_SetSimSafeDivs
                0x000000000000203c       0x20 ./board/clock_config.o
 .text.CLOCK_SetXtal0Freq
                0x000000000000205c       0x1c ./board/clock_config.o
 .text.CLOCK_CONFIG_SetFllExtRefDiv
                0x0000000000002078       0x3c ./board/clock_config.o
 .text.BOARD_BootClockRUN
                0x00000000000020b4       0x64 ./board/clock_config.o
                0x00000000000020b4                BOARD_BootClockRUN
 .text.CLOCK_EnableClock
                0x0000000000002118       0x34 ./board/pin_mux.o
 .text.PORT_SetPinMux
                0x000000000000214c       0x40 ./board/pin_mux.o
 .text.BOARD_InitPins
                0x000000000000218c       0x4c ./board/pin_mux.o
                0x000000000000218c                BOARD_InitPins
 .text.SystemInit
                0x00000000000021d8       0x18 ./CMSIS/system_MKL25Z4.o
                0x00000000000021d8                SystemInit
 .text          0x00000000000021f0      0x114 /usr/local/mcuxpressoide-11.0.1_2563/ide/plugins/com.nxp.mcuxpresso.tools.linux_11.0.1.201907311258/tools/bin/../lib/gcc/arm-none-eabi/8.2.1/thumb/v6-m/nofp/libgcc.a(_udivsi3.o)
                0x00000000000021f0                __udivsi3
                0x00000000000021f0                __aeabi_uidiv
                0x00000000000022fc                __aeabi_uidivmod
 .text          0x0000000000002304      0x1d4 /usr/local/mcuxpressoide-11.0.1_2563/ide/plugins/com.nxp.mcuxpresso.tools.linux_11.0.1.201907311258/tools/bin/../lib/gcc/arm-none-eabi/8.2.1/thumb/v6-m/nofp/libgcc.a(_divsi3.o)
                0x0000000000002304                __aeabi_idiv
                0x0000000000002304                __divsi3
                0x00000000000024d0                __aeabi_idivmod
 .text          0x00000000000024d8        0x4 /usr/local/mcuxpressoide-11.0.1_2563/ide/plugins/com.nxp.mcuxpresso.tools.linux_11.0.1.201907311258/tools/bin/../lib/gcc/arm-none-eabi/8.2.1/thumb/v6-m/nofp/libgcc.a(_dvmd_tls.o)
                0x00000000000024d8                __aeabi_ldiv0
                0x00000000000024d8                __aeabi_idiv0
 .text.__libc_init_array
                0x00000000000024dc       0x48 /usr/local/mcuxpressoide-11.0.1_2563/ide/plugins/com.nxp.mcuxpresso.tools.linux_11.0.1.201907311258/tools/bin/../lib/gcc/arm-none-eabi/8.2.1/../../../../arm-none-eabi/lib/thumb/v6-m/nofp/libc_nano.a(lib_a-init.o)
                0x00000000000024dc                __libc_init_array
 .text          0x0000000000002524       0x48 /usr/local/mcuxpressoide-11.0.1_2563/ide/plugins/com.nxp.mcuxpresso.tools.linux_11.0.1.201907311258/tools/bin/../lib/gcc/arm-none-eabi/8.2.1/thumb/v6-m/nofp/crtbegin.o
 .text.UART_EnableTx
                0x000000000000256c       0x40 ./utilities/fsl_debug_console.o
 .text.UART_EnableRx
                0x00000000000025ac       0x40 ./utilities/fsl_debug_console.o
 .text.LPSCI_EnableTx
                0x00000000000025ec       0x40 ./utilities/fsl_debug_console.o
 .text.LPSCI_EnableRx
                0x000000000000262c       0x40 ./utilities/fsl_debug_console.o
 .text.DbgConsole_PrintfPaddingCharacter
                0x000000000000266c       0x46 ./utilities/fsl_debug_console.o
 .text.DbgConsole_ConvertRadixNumToString
                0x00000000000026b2      0x114 ./utilities/fsl_debug_console.o
 .text.DbgConsole_PrintfFormattedData
                0x00000000000027c6      0x336 ./utilities/fsl_debug_console.o
 .text.EnableIRQ
                0x0000000000002afc       0x2c ./source/MKL25Z128xxx4_Timer.o
 .text._ZN7SwTimerC2EPFyvEb
                0x0000000000002b28       0x3e ./source/MKL25Z128xxx4_Timer.o
                0x0000000000002b28                SwTimer::SwTimer(unsigned long long (*)(), bool)
                0x0000000000002b28                SwTimer::SwTimer(unsigned long long (*)(), bool)
 .text._ZN7SwTimerD2Ev
                0x0000000000002b66       0x2e ./source/MKL25Z128xxx4_Timer.o
                0x0000000000002b66                SwTimer::~SwTimer()
                0x0000000000002b66                SwTimer::~SwTimer()
 .text._ZN7SwTimer16attach_to_tickerER10TickerBase
                0x0000000000002b94       0x26 ./source/MKL25Z128xxx4_Timer.o
                0x0000000000002b94                SwTimer::attach_to_ticker(TickerBase&)
 .text._ZN7SwTimer10hasExpiredEb
                0x0000000000002bba       0x6a ./source/SwTimer.o
                0x0000000000002bba                SwTimer::hasExpired(bool)
 .text._ZN7SwTimer11_hasExpiredEv
                0x0000000000002c24       0x72 ./source/SwTimer.o
                0x0000000000002c24                SwTimer::_hasExpired()
 .text._ZN7SwTimer10startTimerEy
                0x0000000000002c96       0x3c ./source/SwTimer.o
                0x0000000000002c96                SwTimer::startTimer(unsigned long long)
 .text._ZN7SwTimer13setAutoReloadEb
                0x0000000000002cd2       0x1e ./source/SwTimer.o
                0x0000000000002cd2                SwTimer::setAutoReload(bool)
 .text._ZNK7SwTimer10getDelayMsEv
                0x0000000000002cf0       0x18 ./source/SwTimer.o
                0x0000000000002cf0                SwTimer::getDelayMs() const
 .text._ZN7SwTimer13setCallbackFnEPFvRS_E
                0x0000000000002d08       0x18 ./source/SwTimer.o
                0x0000000000002d08                SwTimer::setCallbackFn(void (*)(SwTimer&))
 .text.__aeabi_atexit
                0x0000000000002d20       0x16 ./source/cpp_config.o
                0x0000000000002d20                __aeabi_atexit
 .text.OSC_SetExtRefClkConfig
                0x0000000000002d36       0x3e ./drivers/fsl_clock.o
 .text.OSC_SetCapLoad
                0x0000000000002d74       0x42 ./drivers/fsl_clock.o
 .text.CLOCK_GetPll0RefFreq
                0x0000000000002db6       0x10 ./drivers/fsl_clock.o
 .text.CLOCK_GetFixedFreqClkFreq
                0x0000000000002dc6       0x30 ./drivers/fsl_clock.o
                0x0000000000002dc6                CLOCK_GetFixedFreqClkFreq
 .text.CLOCK_SetExternalRefClkConfig
                0x0000000000002df6       0x16 ./drivers/fsl_clock.o
                0x0000000000002df6                CLOCK_SetExternalRefClkConfig
 .text.LPSCI_GetStatusFlags
                0x0000000000002e0c       0x26 ./drivers/fsl_lpsci.o
                0x0000000000002e0c                LPSCI_GetStatusFlags
 .text.UART_GetStatusFlags
                0x0000000000002e32       0x26 ./drivers/fsl_uart.o
                0x0000000000002e32                UART_GetStatusFlags
 .text.UART_WriteBlocking
                0x0000000000002e58       0x3a ./drivers/fsl_uart.o
                0x0000000000002e58                UART_WriteBlocking
 .text.BOARD_InitBootClocks
                0x0000000000002e92        0xe ./board/clock_config.o
                0x0000000000002e92                BOARD_InitBootClocks
 .text.BOARD_InitBootPeripherals
                0x0000000000002ea0        0xa ./board/peripherals.o
                0x0000000000002ea0                BOARD_InitBootPeripherals
 .text.BOARD_InitBootPins
                0x0000000000002eaa        0xe ./board/pin_mux.o
                0x0000000000002eaa                BOARD_InitBootPins
 .text.memset   0x0000000000002eb8       0x10 /usr/local/mcuxpressoide-11.0.1_2563/ide/plugins/com.nxp.mcuxpresso.tools.linux_11.0.1.201907311258/tools/bin/../lib/gcc/arm-none-eabi/8.2.1/../../../../arm-none-eabi/lib/thumb/v6-m/nofp/libc_nano.a(lib_a-memset.o)
                0x0000000000002eb8                memset
 .text          0x0000000000002ec8        0xe /usr/local/mcuxpressoide-11.0.1_2563/ide/plugins/com.nxp.mcuxpresso.tools.linux_11.0.1.201907311258/tools/bin/../lib/gcc/arm-none-eabi/8.2.1/../../../../arm-none-eabi/lib/thumb/v6-m/nofp/libc_nano.a(lib_a-strlen.o)
                0x0000000000002ec8                strlen
 *(SORT_BY_ALIGNMENT(.rodata) SORT_BY_ALIGNMENT(.rodata.*) SORT_BY_ALIGNMENT(.constdata) SORT_BY_ALIGNMENT(.constdata.*))
 *fill*         0x0000000000002ed6        0x2 ff
 .rodata        0x0000000000002ed8       0x29 ./source/MKL25Z128xxx4_Timer.o
 *fill*         0x0000000000002f01        0x3 ff
 .rodata._ZTV6TickerILj5EJXadL_Z8swTimer1EEXadL_Z8swTimer2EEXadL_Z8swTimer3EEXadL_Z8swTimer4EEEE
                0x0000000000002f04       0x10 ./source/MKL25Z128xxx4_Timer.o
                0x0000000000002f04                vtable for Ticker<5u, &swTimer1, &swTimer2, &swTimer3, &swTimer4>
 .rodata._ZN6TickerILj5EJXadL_Z8swTimer1EEXadL_Z8swTimer2EEXadL_Z8swTimer3EEXadL_Z8swTimer4EEEE8swTimersE
                0x0000000000002f14       0x10 ./source/MKL25Z128xxx4_Timer.o
                0x0000000000002f14                Ticker<5u, &swTimer1, &swTimer2, &swTimer3, &swTimer4>::swTimers
 .rodata        0x0000000000002f24       0x47 ./drivers/fsl_clock.o
 *fill*         0x0000000000002f6b        0x1 ff
 .rodata.CLOCK_GetFreq
                0x0000000000002f6c       0x38 ./drivers/fsl_clock.o
 .rodata.__func__.5214
                0x0000000000002fa4       0x17 ./drivers/fsl_clock.o
 *fill*         0x0000000000002fbb        0x1 ff
 .rodata.__func__.5247
                0x0000000000002fbc       0x17 ./drivers/fsl_clock.o
 *fill*         0x0000000000002fd3        0x1 ff
 .rodata.__func__.5255
                0x0000000000002fd4       0x16 ./drivers/fsl_clock.o
 *fill*         0x0000000000002fea        0x2 ff
 .rodata.fllFactorTable.5320
                0x0000000000002fec       0x10 ./drivers/fsl_clock.o
 .rodata.__func__.5335
                0x0000000000002ffc       0x12 ./drivers/fsl_clock.o
 *fill*         0x000000000000300e        0x2 ff
 .rodata.__func__.5375
                0x0000000000003010       0x11 ./drivers/fsl_clock.o
 *fill*         0x0000000000003021        0x3 ff
 .rodata.__func__.5512
                0x0000000000003024       0x11 ./drivers/fsl_clock.o
 *fill*         0x0000000000003035        0x3 ff
 .rodata.__func__.5579
                0x0000000000003038       0x14 ./drivers/fsl_clock.o
 .rodata        0x000000000000304c       0x3e ./drivers/fsl_common.o
 *fill*         0x000000000000308a        0x2 ff
 .rodata        0x000000000000308c      0x168 ./drivers/fsl_dma.o
 .rodata.__func__.5479
                0x00000000000031f4        0xe ./drivers/fsl_dma.o
 *fill*         0x0000000000003202        0x2 ff
 .rodata.__func__.5347
                0x0000000000003204       0x1c ./drivers/fsl_dma.o
 .rodata        0x0000000000003220       0xb2 ./drivers/fsl_lpsci.o
 *fill*         0x00000000000032d2        0x2 ff
 .rodata.__func__.5395
                0x00000000000032d4       0x12 ./drivers/fsl_lpsci.o
 *fill*         0x00000000000032e6        0x2 ff
 .rodata.__func__.5431
                0x00000000000032e8        0xb ./drivers/fsl_lpsci.o
 *fill*         0x00000000000032f3        0x1 ff
 .rodata.__func__.5452
                0x00000000000032f4       0x17 ./drivers/fsl_lpsci.o
 *fill*         0x000000000000330b        0x1 ff
 .rodata.__func__.5497
                0x000000000000330c       0x14 ./drivers/fsl_lpsci.o
 .rodata.__func__.5509
                0x0000000000003320       0x13 ./drivers/fsl_lpsci.o
 *fill*         0x0000000000003333        0x1 ff
 .rodata        0x0000000000003334       0x9b ./drivers/fsl_spi.o
 *fill*         0x00000000000033cf        0x1 ff
 .rodata.__func__.5586
                0x00000000000033d0       0x16 ./drivers/fsl_spi.o
 *fill*         0x00000000000033e6        0x2 ff
 .rodata.__func__.5590
                0x00000000000033e8       0x16 ./drivers/fsl_spi.o
 *fill*         0x00000000000033fe        0x2 ff
 .rodata.s_uartBases
                0x0000000000003400        0xc ./drivers/fsl_uart.o
 .rodata.s_uartClock
                0x000000000000340c        0xc ./drivers/fsl_uart.o
 .rodata        0x0000000000003418       0xaa ./drivers/fsl_uart.o
 *fill*         0x00000000000034c2        0x2 ff
 .rodata.__func__.5398
                0x00000000000034c4       0x11 ./drivers/fsl_uart.o
 *fill*         0x00000000000034d5        0x3 ff
 .rodata.__func__.5414
                0x00000000000034d8        0xa ./drivers/fsl_uart.o
 *fill*         0x00000000000034e2        0x2 ff
 .rodata.__func__.5427
                0x00000000000034e4       0x16 ./drivers/fsl_uart.o
 *fill*         0x00000000000034fa        0x2 ff
 .rodata.__func__.5485
                0x00000000000034fc       0x12 ./drivers/fsl_uart.o
 *fill*         0x000000000000350e        0x2 ff
 .rodata.mcgConfig_BOARD_BootClockRUN
                0x0000000000003510        0xa ./board/clock_config.o
                0x0000000000003510                mcgConfig_BOARD_BootClockRUN
 *fill*         0x000000000000351a        0x2 ff
 .rodata.simConfig_BOARD_BootClockRUN
                0x000000000000351c        0x8 ./board/clock_config.o
                0x000000000000351c                simConfig_BOARD_BootClockRUN
 .rodata.oscConfig_BOARD_BootClockRUN
                0x0000000000003524        0x8 ./board/clock_config.o
                0x0000000000003524                oscConfig_BOARD_BootClockRUN
                0x000000000000352c                . = ALIGN (0x4)
                0x000000000000352c                . = ALIGN (0x4)
 *(SORT_BY_ALIGNMENT(.init))
 .init          0x000000000000352c        0x4 /usr/local/mcuxpressoide-11.0.1_2563/ide/plugins/com.nxp.mcuxpresso.tools.linux_11.0.1.201907311258/tools/bin/../lib/gcc/arm-none-eabi/8.2.1/thumb/v6-m/nofp/crti.o
                0x000000000000352c                _init
 .init          0x0000000000003530        0x8 /usr/local/mcuxpressoide-11.0.1_2563/ide/plugins/com.nxp.mcuxpresso.tools.linux_11.0.1.201907311258/tools/bin/../lib/gcc/arm-none-eabi/8.2.1/thumb/v6-m/nofp/crtn.o
                0x0000000000003538                . = ALIGN (0x4)
                0x0000000000003538                __preinit_array_start = .
 *(SORT_BY_ALIGNMENT(.preinit_array))
                0x0000000000003538                __preinit_array_end = .
                0x0000000000003538                . = ALIGN (0x4)
                0x0000000000003538                __init_array_start = .
 *(SORT_BY_NAME(SORT_BY_ALIGNMENT(.init_array.*)))
 *(SORT_BY_ALIGNMENT(.init_array))
 .init_array    0x0000000000003538        0x4 ./source/MKL25Z128xxx4_Timer.o
 .init_array    0x000000000000353c        0x4 /usr/local/mcuxpressoide-11.0.1_2563/ide/plugins/com.nxp.mcuxpresso.tools.linux_11.0.1.201907311258/tools/bin/../lib/gcc/arm-none-eabi/8.2.1/thumb/v6-m/nofp/crtbegin.o
                0x0000000000003540                __init_array_end = .
 *(SORT_BY_ALIGNMENT(.fini))
 .fini          0x0000000000003540        0x4 /usr/local/mcuxpressoide-11.0.1_2563/ide/plugins/com.nxp.mcuxpresso.tools.linux_11.0.1.201907311258/tools/bin/../lib/gcc/arm-none-eabi/8.2.1/thumb/v6-m/nofp/crti.o
                0x0000000000003540                _fini
 .fini          0x0000000000003544        0x8 /usr/local/mcuxpressoide-11.0.1_2563/ide/plugins/com.nxp.mcuxpresso.tools.linux_11.0.1.201907311258/tools/bin/../lib/gcc/arm-none-eabi/8.2.1/thumb/v6-m/nofp/crtn.o
                0x000000000000354c                . = ALIGN (0x4)
 *crtbegin.o(SORT_BY_ALIGNMENT(.ctors))
 *(SORT_BY_ALIGNMENT(EXCLUDE_FILE(*crtend.o) .ctors))
 *(SORT_BY_NAME(SORT_BY_ALIGNMENT(.ctors.*)))
 *crtend.o(SORT_BY_ALIGNMENT(.ctors))
                0x000000000000354c                . = ALIGN (0x4)
 *crtbegin.o(SORT_BY_ALIGNMENT(.dtors))
 *(SORT_BY_ALIGNMENT(EXCLUDE_FILE(*crtend.o) .dtors))
 *(SORT_BY_NAME(SORT_BY_ALIGNMENT(.dtors.*)))
 *crtend.o(SORT_BY_ALIGNMENT(.dtors))
                0x000000000000354c                . = ALIGN (0x4)

.glue_7         0x000000000000354c        0x0
 .glue_7        0x000000000000354c        0x0 linker stubs

.glue_7t        0x000000000000354c        0x0
 .glue_7t       0x000000000000354c        0x0 linker stubs

.vfp11_veneer   0x000000000000354c        0x0
 .vfp11_veneer  0x000000000000354c        0x0 linker stubs

.v4_bx          0x000000000000354c        0x0
 .v4_bx         0x000000000000354c        0x0 linker stubs

.iplt           0x000000000000354c        0x0
 .iplt          0x000000000000354c        0x0 ./utilities/fsl_debug_console.o

.rel.dyn        0x000000000000354c        0x0
 .rel.iplt      0x000000000000354c        0x0 ./utilities/fsl_debug_console.o

.eh_frame       0x000000000000354c        0x0
 .eh_frame      0x000000000000354c        0x0 /usr/local/mcuxpressoide-11.0.1_2563/ide/plugins/com.nxp.mcuxpresso.tools.linux_11.0.1.201907311258/tools/bin/../lib/gcc/arm-none-eabi/8.2.1/thumb/v6-m/nofp/crtbegin.o

.ARM.extab
 *(SORT_BY_ALIGNMENT(.ARM.extab*) SORT_BY_ALIGNMENT(.gnu.linkonce.armextab.*))
                0x000000000000354c                __exidx_start = .

.ARM.exidx
 *(SORT_BY_ALIGNMENT(.ARM.exidx*) SORT_BY_ALIGNMENT(.gnu.linkonce.armexidx.*))
                0x000000000000354c                __exidx_end = .
                0x000000000000354c                _etext = .

.m_usb_data
 *(SORT_BY_ALIGNMENT(m_usb_bdt))

.mtb_buffer_default
                0x000000001ffff000       0x80
 *(SORT_BY_ALIGNMENT(.mtb*))
 .mtb.$RAM1     0x000000001ffff000       0x80 ./source/mtb.o
                0x000000001ffff000                __mtb_buffer__

.uninit_RESERVED
                0x000000001ffff080        0x0
                0x000000001ffff080                . = ALIGN (0x4)
 *(SORT_BY_ALIGNMENT(.bss.$RESERVED*))
                0x000000001ffff080                . = ALIGN (0x4)
                0x000000001ffff080                _end_uninit_RESERVED = .

.data           0x000000001ffff080       0x14 load address 0x000000000000354c
 FILL mask 0xff
                0x000000001ffff080                _data = .
 *(SORT_BY_ALIGNMENT(vtable))
 *(SORT_BY_ALIGNMENT(.ramfunc*))
 *(SORT_BY_ALIGNMENT(CodeQuickAccess))
 *(SORT_BY_ALIGNMENT(DataQuickAccess))
 *(SORT_BY_ALIGNMENT(RamFunction))
 *(SORT_BY_ALIGNMENT(.data*))
 .data.ticker1  0x000000001ffff080        0x4 ./source/MKL25Z128xxx4_Timer.o
                0x000000001ffff080                ticker1
 .data.s_slowIrcFreq
                0x000000001ffff084        0x4 ./drivers/fsl_clock.o
 .data.s_fastIrcFreq
                0x000000001ffff088        0x4 ./drivers/fsl_clock.o
 .data.SystemCoreClock
                0x000000001ffff08c        0x4 ./CMSIS/system_MKL25Z4.o
                0x000000001ffff08c                SystemCoreClock
 .data          0x000000001ffff090        0x4 /usr/local/mcuxpressoide-11.0.1_2563/ide/plugins/com.nxp.mcuxpresso.tools.linux_11.0.1.201907311258/tools/bin/../lib/gcc/arm-none-eabi/8.2.1/thumb/v6-m/nofp/crtbegin.o
                0x000000001ffff090                __dso_handle
                0x000000001ffff094                . = ALIGN (0x4)
                0x000000001ffff094                _edata = .

.igot.plt       0x000000001ffff094        0x0 load address 0x0000000000003560
 .igot.plt      0x000000001ffff094        0x0 ./utilities/fsl_debug_console.o

.bss            0x000000001ffff098      0x120 load address 0x0000000000003560
                0x000000001ffff098                . = ALIGN (0x4)
                0x000000001ffff098                _bss = .
 *(SORT_BY_ALIGNMENT(.bss*))
 .bss.glTicks   0x000000001ffff098        0x8 ./source/MKL25Z128xxx4_Timer.o
                0x000000001ffff098                glTicks
 .bss.swTimer1  0x000000001ffff0a0       0x20 ./source/MKL25Z128xxx4_Timer.o
                0x000000001ffff0a0                swTimer1
 .bss.swTimer2  0x000000001ffff0c0       0x20 ./source/MKL25Z128xxx4_Timer.o
                0x000000001ffff0c0                swTimer2
 .bss.swTimer3  0x000000001ffff0e0       0x20 ./source/MKL25Z128xxx4_Timer.o
                0x000000001ffff0e0                swTimer3
 .bss.swTimer4  0x000000001ffff100       0x20 ./source/MKL25Z128xxx4_Timer.o
                0x000000001ffff100                swTimer4
 .bss.s_debugConsole
                0x000000001ffff120       0x10 ./utilities/fsl_debug_console.o
 .bss.flag_i    0x000000001ffff130        0x4 ./source/MKL25Z128xxx4_Timer.o
                0x000000001ffff130                flag_i
 .bss._ZZ4mainE1i
                0x000000001ffff134        0x4 ./source/MKL25Z128xxx4_Timer.o
 .bss._ZN6TickerILj5EJXadL_Z8swTimer1EEXadL_Z8swTimer2EEXadL_Z8swTimer3EEXadL_Z8swTimer4EEEE15swTimersRunTimeE
                0x000000001ffff138       0x14 ./source/MKL25Z128xxx4_Timer.o
                0x000000001ffff138                Ticker<5u, &swTimer1, &swTimer2, &swTimer3, &swTimer4>::swTimersRunTime
 .bss.g_xtal0Freq
                0x000000001ffff14c        0x4 ./drivers/fsl_clock.o
                0x000000001ffff14c                g_xtal0Freq
 .bss.g_xtal32Freq
                0x000000001ffff150        0x4 ./drivers/fsl_clock.o
                0x000000001ffff150                g_xtal32Freq
 .bss.s_DMAHandle
                0x000000001ffff154       0x10 ./drivers/fsl_dma.o
 .bss.s_i2cHandle
                0x000000001ffff164        0x8 ./drivers/fsl_i2c.o
 .bss.s_i2cMasterIsr
                0x000000001ffff16c        0x4 ./drivers/fsl_i2c.o
 .bss.s_i2cSlaveIsr
                0x000000001ffff170        0x4 ./drivers/fsl_i2c.o
 .bss.s_lpsciHandle
                0x000000001ffff174        0x4 ./drivers/fsl_lpsci.o
 .bss.s_lpsciIsr
                0x000000001ffff178        0x4 ./drivers/fsl_lpsci.o
 .bss.s_spiHandle
                0x000000001ffff17c        0x8 ./drivers/fsl_spi.o
 .bss.s_spiMasterIsr
                0x000000001ffff184        0x4 ./drivers/fsl_spi.o
 .bss.s_spiSlaveIsr
                0x000000001ffff188        0x4 ./drivers/fsl_spi.o
 .bss.s_uartHandle
                0x000000001ffff18c        0xc ./drivers/fsl_uart.o
 .bss.s_uartIsr
                0x000000001ffff198        0x4 ./drivers/fsl_uart.o
 .bss           0x000000001ffff19c       0x1c /usr/local/mcuxpressoide-11.0.1_2563/ide/plugins/com.nxp.mcuxpresso.tools.linux_11.0.1.201907311258/tools/bin/../lib/gcc/arm-none-eabi/8.2.1/thumb/v6-m/nofp/crtbegin.o
 *(SORT_BY_ALIGNMENT(COMMON))
                0x000000001ffff1b8                . = ALIGN (0x4)
                0x000000001ffff1b8                _ebss = .
                [!provide]                        PROVIDE (end = .)

.noinit         0x000000001ffff1b8        0x0 load address 0x0000000000003560
                0x000000001ffff1b8                . = ALIGN (0x4)
                0x000000001ffff1b8                _noinit = .
 *(SORT_BY_ALIGNMENT(.noinit*))
                0x000000001ffff1b8                . = ALIGN (0x4)
                0x000000001ffff1b8                _end_noinit = .
                0x0000000000000400                _HeapSize = 0x400

.heap           0x000000001ffff1b8      0x400 load address 0x0000000000003560
                0x000000001ffff1b8                _pvHeapStart = .
                0x000000001ffff5b8                . = (. + _HeapSize)
 *fill*         0x000000001ffff1b8      0x400 
                0x000000001ffff5b8                . = ALIGN (0x4)
                0x000000001ffff5b8                _pvHeapLimit = .
                0x0000000000000400                _StackSize = 0x400

.heap2stackfill
                0x000000001ffff5b8      0x400 load address 0x0000000000003560
                0x000000001ffff9b8                . = (. + _StackSize)
 *fill*         0x000000001ffff5b8      0x400 

.stack          0x0000000020002c00        0x0
                0x0000000020002c00                _vStackBase = .
                0x0000000020002c00                . = ALIGN (0x4)
                0x0000000020003000                _vStackTop = (. + _StackSize)
                0x0000000000000000                _image_start = LOADADDR (.text)
                0x0000000000003560                _image_end = (LOADADDR (.data) + SIZEOF (.data))
                0x0000000000003560                _image_size = (_image_end - _image_start)
OUTPUT(MKL25Z128xxx4_Timer.axf elf32-littlearm)

.debug_info     0x0000000000000000    0x1501b
 .debug_info    0x0000000000000000     0x170c ./utilities/fsl_debug_console.o
 .debug_info    0x000000000000170c      0x4e2 ./startup/startup_mkl25z4.o
 .debug_info    0x0000000000001bee     0x1b2a ./source/MKL25Z128xxx4_Timer.o
 .debug_info    0x0000000000003718      0x4bd ./source/SwTimer.o
 .debug_info    0x0000000000003bd5     0x1282 ./source/cpp_config.o
 .debug_info    0x0000000000004e57       0x53 ./source/mtb.o
 .debug_info    0x0000000000004eaa       0x3c ./source/semihost_hardfault.o
 .debug_info    0x0000000000004ee6     0x2414 ./drivers/fsl_clock.o
 .debug_info    0x00000000000072fa      0xceb ./drivers/fsl_common.o
 .debug_info    0x0000000000007fe5     0x1976 ./drivers/fsl_dma.o
 .debug_info    0x000000000000995b     0x2510 ./drivers/fsl_i2c.o
 .debug_info    0x000000000000be6b     0x1f30 ./drivers/fsl_lpsci.o
 .debug_info    0x000000000000dd9b     0x1e3a ./drivers/fsl_spi.o
 .debug_info    0x000000000000fbd5     0x1ead ./drivers/fsl_uart.o
 .debug_info    0x0000000000011a82      0xf83 ./board/board.o
 .debug_info    0x0000000000012a05     0x1389 ./board/clock_config.o
 .debug_info    0x0000000000013d8e       0x3c ./board/peripherals.o
 .debug_info    0x0000000000013dca      0xe2c ./board/pin_mux.o
 .debug_info    0x0000000000014bf6      0x425 ./CMSIS/system_MKL25Z4.o

.debug_abbrev   0x0000000000000000     0x3448
 .debug_abbrev  0x0000000000000000      0x36e ./utilities/fsl_debug_console.o
 .debug_abbrev  0x000000000000036e      0x183 ./startup/startup_mkl25z4.o
 .debug_abbrev  0x00000000000004f1      0x5c3 ./source/MKL25Z128xxx4_Timer.o
 .debug_abbrev  0x0000000000000ab4      0x17e ./source/SwTimer.o
 .debug_abbrev  0x0000000000000c32      0x378 ./source/cpp_config.o
 .debug_abbrev  0x0000000000000faa       0x46 ./source/mtb.o
 .debug_abbrev  0x0000000000000ff0       0x31 ./source/semihost_hardfault.o
 .debug_abbrev  0x0000000000001021      0x439 ./drivers/fsl_clock.o
 .debug_abbrev  0x000000000000145a      0x37c ./drivers/fsl_common.o
 .debug_abbrev  0x00000000000017d6      0x38a ./drivers/fsl_dma.o
 .debug_abbrev  0x0000000000001b60      0x42a ./drivers/fsl_i2c.o
 .debug_abbrev  0x0000000000001f8a      0x3c5 ./drivers/fsl_lpsci.o
 .debug_abbrev  0x000000000000234f      0x3c5 ./drivers/fsl_spi.o
 .debug_abbrev  0x0000000000002714      0x3df ./drivers/fsl_uart.o
 .debug_abbrev  0x0000000000002af3      0x25c ./board/board.o
 .debug_abbrev  0x0000000000002d4f      0x2f7 ./board/clock_config.o
 .debug_abbrev  0x0000000000003046       0x31 ./board/peripherals.o
 .debug_abbrev  0x0000000000003077      0x2a3 ./board/pin_mux.o
 .debug_abbrev  0x000000000000331a      0x12e ./CMSIS/system_MKL25Z4.o

.debug_aranges  0x0000000000000000      0xc40
 .debug_aranges
                0x0000000000000000       0x90 ./utilities/fsl_debug_console.o
 .debug_aranges
                0x0000000000000090      0x160 ./startup/startup_mkl25z4.o
 .debug_aranges
                0x00000000000001f0       0xa0 ./source/MKL25Z128xxx4_Timer.o
 .debug_aranges
                0x0000000000000290       0x60 ./source/SwTimer.o
 .debug_aranges
                0x00000000000002f0       0x48 ./source/cpp_config.o
 .debug_aranges
                0x0000000000000338       0x18 ./source/mtb.o
 .debug_aranges
                0x0000000000000350       0x20 ./source/semihost_hardfault.o
 .debug_aranges
                0x0000000000000370      0x1d8 ./drivers/fsl_clock.o
 .debug_aranges
                0x0000000000000548       0x38 ./drivers/fsl_common.o
 .debug_aranges
                0x0000000000000580       0xd0 ./drivers/fsl_dma.o
 .debug_aranges
                0x0000000000000650      0x178 ./drivers/fsl_i2c.o
 .debug_aranges
                0x00000000000007c8      0x118 ./drivers/fsl_lpsci.o
 .debug_aranges
                0x00000000000008e0      0x130 ./drivers/fsl_spi.o
 .debug_aranges
                0x0000000000000a10      0x130 ./drivers/fsl_uart.o
 .debug_aranges
                0x0000000000000b40       0x28 ./board/board.o
 .debug_aranges
                0x0000000000000b68       0x58 ./board/clock_config.o
 .debug_aranges
                0x0000000000000bc0       0x20 ./board/peripherals.o
 .debug_aranges
                0x0000000000000be0       0x38 ./board/pin_mux.o
 .debug_aranges
                0x0000000000000c18       0x28 ./CMSIS/system_MKL25Z4.o

.debug_ranges   0x0000000000000000      0xb08
 .debug_ranges  0x0000000000000000       0x80 ./utilities/fsl_debug_console.o
 .debug_ranges  0x0000000000000080      0x150 ./startup/startup_mkl25z4.o
 .debug_ranges  0x00000000000001d0       0x90 ./source/MKL25Z128xxx4_Timer.o
 .debug_ranges  0x0000000000000260       0x50 ./source/SwTimer.o
 .debug_ranges  0x00000000000002b0       0x38 ./source/cpp_config.o
 .debug_ranges  0x00000000000002e8       0x10 ./source/semihost_hardfault.o
 .debug_ranges  0x00000000000002f8      0x1c8 ./drivers/fsl_clock.o
 .debug_ranges  0x00000000000004c0       0x28 ./drivers/fsl_common.o
 .debug_ranges  0x00000000000004e8       0xc0 ./drivers/fsl_dma.o
 .debug_ranges  0x00000000000005a8      0x168 ./drivers/fsl_i2c.o
 .debug_ranges  0x0000000000000710      0x108 ./drivers/fsl_lpsci.o
 .debug_ranges  0x0000000000000818      0x120 ./drivers/fsl_spi.o
 .debug_ranges  0x0000000000000938      0x120 ./drivers/fsl_uart.o
 .debug_ranges  0x0000000000000a58       0x18 ./board/board.o
 .debug_ranges  0x0000000000000a70       0x48 ./board/clock_config.o
 .debug_ranges  0x0000000000000ab8       0x10 ./board/peripherals.o
 .debug_ranges  0x0000000000000ac8       0x28 ./board/pin_mux.o
 .debug_ranges  0x0000000000000af0       0x18 ./CMSIS/system_MKL25Z4.o

.debug_macro    0x0000000000000000     0xc4c0
 .debug_macro   0x0000000000000000      0x204 ./utilities/fsl_debug_console.o
 .debug_macro   0x0000000000000204      0xaa2 ./utilities/fsl_debug_console.o
 .debug_macro   0x0000000000000ca6       0x58 ./utilities/fsl_debug_console.o
 .debug_macro   0x0000000000000cfe       0x18 ./utilities/fsl_debug_console.o
 .debug_macro   0x0000000000000d16       0x22 ./utilities/fsl_debug_console.o
 .debug_macro   0x0000000000000d38       0x58 ./utilities/fsl_debug_console.o
 .debug_macro   0x0000000000000d90       0x5c ./utilities/fsl_debug_console.o
 .debug_macro   0x0000000000000dec       0x35 ./utilities/fsl_debug_console.o
 .debug_macro   0x0000000000000e21       0x34 ./utilities/fsl_debug_console.o
 .debug_macro   0x0000000000000e55       0x16 ./utilities/fsl_debug_console.o
 .debug_macro   0x0000000000000e6b      0x10e ./utilities/fsl_debug_console.o
 .debug_macro   0x0000000000000f79       0x8d ./utilities/fsl_debug_console.o
 .debug_macro   0x0000000000001006       0x57 ./utilities/fsl_debug_console.o
 .debug_macro   0x000000000000105d       0x58 ./utilities/fsl_debug_console.o
 .debug_macro   0x00000000000010b5       0x1f ./utilities/fsl_debug_console.o
 .debug_macro   0x00000000000010d4       0x43 ./utilities/fsl_debug_console.o
 .debug_macro   0x0000000000001117       0x20 ./utilities/fsl_debug_console.o
 .debug_macro   0x0000000000001137      0x18e ./utilities/fsl_debug_console.o
 .debug_macro   0x00000000000012c5      0x339 ./utilities/fsl_debug_console.o
 .debug_macro   0x00000000000015fe       0x22 ./utilities/fsl_debug_console.o
 .debug_macro   0x0000000000001620       0xde ./utilities/fsl_debug_console.o
 .debug_macro   0x00000000000016fe       0x1c ./utilities/fsl_debug_console.o
 .debug_macro   0x000000000000171a       0x22 ./utilities/fsl_debug_console.o
 .debug_macro   0x000000000000173c       0xef ./utilities/fsl_debug_console.o
 .debug_macro   0x000000000000182b       0x6a ./utilities/fsl_debug_console.o
 .debug_macro   0x0000000000001895      0x1df ./utilities/fsl_debug_console.o
 .debug_macro   0x0000000000001a74       0x16 ./utilities/fsl_debug_console.o
 .debug_macro   0x0000000000001a8a       0x35 ./utilities/fsl_debug_console.o
 .debug_macro   0x0000000000001abf       0x10 ./utilities/fsl_debug_console.o
 .debug_macro   0x0000000000001acf       0x3f ./utilities/fsl_debug_console.o
 .debug_macro   0x0000000000001b0e       0x3a ./utilities/fsl_debug_console.o
 .debug_macro   0x0000000000001b48       0x26 ./utilities/fsl_debug_console.o
 .debug_macro   0x0000000000001b6e      0x329 ./utilities/fsl_debug_console.o
 .debug_macro   0x0000000000001e97       0x30 ./utilities/fsl_debug_console.o
 .debug_macro   0x0000000000001ec7     0x51e2 ./utilities/fsl_debug_console.o
 .debug_macro   0x00000000000070a9     0x1352 ./utilities/fsl_debug_console.o
 .debug_macro   0x00000000000083fb       0x3a ./utilities/fsl_debug_console.o
 .debug_macro   0x0000000000008435       0xf4 ./utilities/fsl_debug_console.o
 .debug_macro   0x0000000000008529       0x35 ./utilities/fsl_debug_console.o
 .debug_macro   0x000000000000855e       0x34 ./utilities/fsl_debug_console.o
 .debug_macro   0x0000000000008592       0x10 ./utilities/fsl_debug_console.o
 .debug_macro   0x00000000000085a2       0x10 ./utilities/fsl_debug_console.o
 .debug_macro   0x00000000000085b2       0x2a ./startup/startup_mkl25z4.o
 .debug_macro   0x00000000000085dc      0xb74 ./startup/startup_mkl25z4.o
 .debug_macro   0x0000000000009150      0x2dc ./source/MKL25Z128xxx4_Timer.o
 .debug_macro   0x000000000000942c       0x94 ./source/MKL25Z128xxx4_Timer.o
 .debug_macro   0x00000000000094c0       0x34 ./source/MKL25Z128xxx4_Timer.o
 .debug_macro   0x00000000000094f4       0x16 ./source/MKL25Z128xxx4_Timer.o
 .debug_macro   0x000000000000950a       0x97 ./source/MKL25Z128xxx4_Timer.o
 .debug_macro   0x00000000000095a1      0x35c ./source/MKL25Z128xxx4_Timer.o
 .debug_macro   0x00000000000098fd      0x104 ./source/MKL25Z128xxx4_Timer.o
 .debug_macro   0x0000000000009a01       0x10 ./source/MKL25Z128xxx4_Timer.o
 .debug_macro   0x0000000000009a11       0x43 ./source/MKL25Z128xxx4_Timer.o
 .debug_macro   0x0000000000009a54       0x10 ./source/MKL25Z128xxx4_Timer.o
 .debug_macro   0x0000000000009a64       0x1c ./source/MKL25Z128xxx4_Timer.o
 .debug_macro   0x0000000000009a80       0x52 ./source/MKL25Z128xxx4_Timer.o
 .debug_macro   0x0000000000009ad2       0x40 ./source/MKL25Z128xxx4_Timer.o
 .debug_macro   0x0000000000009b12       0x10 ./source/MKL25Z128xxx4_Timer.o
 .debug_macro   0x0000000000009b22       0x40 ./source/MKL25Z128xxx4_Timer.o
 .debug_macro   0x0000000000009b62       0xd7 ./source/MKL25Z128xxx4_Timer.o
 .debug_macro   0x0000000000009c39       0x1c ./source/MKL25Z128xxx4_Timer.o
 .debug_macro   0x0000000000009c55       0x3d ./source/MKL25Z128xxx4_Timer.o
 .debug_macro   0x0000000000009c92       0x16 ./source/MKL25Z128xxx4_Timer.o
 .debug_macro   0x0000000000009ca8      0x137 ./source/MKL25Z128xxx4_Timer.o
 .debug_macro   0x0000000000009ddf       0x16 ./source/MKL25Z128xxx4_Timer.o
 .debug_macro   0x0000000000009df5       0x16 ./source/MKL25Z128xxx4_Timer.o
 .debug_macro   0x0000000000009e0b      0x34e ./source/MKL25Z128xxx4_Timer.o
 .debug_macro   0x000000000000a159       0x35 ./source/MKL25Z128xxx4_Timer.o
 .debug_macro   0x000000000000a18e      0x329 ./source/MKL25Z128xxx4_Timer.o
 .debug_macro   0x000000000000a4b7       0x16 ./source/MKL25Z128xxx4_Timer.o
 .debug_macro   0x000000000000a4cd       0x10 ./source/MKL25Z128xxx4_Timer.o
 .debug_macro   0x000000000000a4dd      0x112 ./source/MKL25Z128xxx4_Timer.o
 .debug_macro   0x000000000000a5ef       0x3a ./source/MKL25Z128xxx4_Timer.o
 .debug_macro   0x000000000000a629       0x42 ./source/SwTimer.o
 .debug_macro   0x000000000000a66b      0x140 ./source/cpp_config.o
 .debug_macro   0x000000000000a7ab      0x16f ./source/cpp_config.o
 .debug_macro   0x000000000000a91a       0x10 ./source/cpp_config.o
 .debug_macro   0x000000000000a92a      0x3ed ./source/cpp_config.o
 .debug_macro   0x000000000000ad17       0x10 ./source/cpp_config.o
 .debug_macro   0x000000000000ad27      0x10e ./source/cpp_config.o
 .debug_macro   0x000000000000ae35       0x94 ./source/cpp_config.o
 .debug_macro   0x000000000000aec9       0x16 ./source/cpp_config.o
 .debug_macro   0x000000000000aedf       0x29 ./source/cpp_config.o
 .debug_macro   0x000000000000af08       0x1c ./source/cpp_config.o
 .debug_macro   0x000000000000af24       0xde ./source/cpp_config.o
 .debug_macro   0x000000000000b002       0x2f ./source/mtb.o
 .debug_macro   0x000000000000b031       0x82 ./source/mtb.o
 .debug_macro   0x000000000000b0b3       0x10 ./source/mtb.o
 .debug_macro   0x000000000000b0c3       0x11 ./source/semihost_hardfault.o
 .debug_macro   0x000000000000b0d4      0x256 ./drivers/fsl_clock.o
 .debug_macro   0x000000000000b32a      0x1af ./drivers/fsl_common.o
 .debug_macro   0x000000000000b4d9      0x1ac ./drivers/fsl_dma.o
 .debug_macro   0x000000000000b685      0x1ab ./drivers/fsl_i2c.o
 .debug_macro   0x000000000000b830       0x10 ./drivers/fsl_i2c.o
 .debug_macro   0x000000000000b840      0x1ac ./drivers/fsl_lpsci.o
 .debug_macro   0x000000000000b9ec      0x1ab ./drivers/fsl_spi.o
 .debug_macro   0x000000000000bb97       0x10 ./drivers/fsl_spi.o
 .debug_macro   0x000000000000bba7      0x1b2 ./drivers/fsl_uart.o
 .debug_macro   0x000000000000bd59      0x1d2 ./board/board.o
 .debug_macro   0x000000000000bf2b       0x56 ./board/board.o
 .debug_macro   0x000000000000bf81       0x51 ./board/board.o
 .debug_macro   0x000000000000bfd2       0x5e ./board/board.o
 .debug_macro   0x000000000000c030      0x1e3 ./board/clock_config.o
 .debug_macro   0x000000000000c213       0x1b ./board/peripherals.o
 .debug_macro   0x000000000000c22e      0x1c7 ./board/pin_mux.o
 .debug_macro   0x000000000000c3f5       0x10 ./board/pin_mux.o
 .debug_macro   0x000000000000c405       0xbb ./CMSIS/system_MKL25Z4.o

.debug_line     0x0000000000000000     0x9723
 .debug_line    0x0000000000000000      0xdf6 ./utilities/fsl_debug_console.o
 .debug_line    0x0000000000000df6      0x1ff ./startup/startup_mkl25z4.o
 .debug_line    0x0000000000000ff5      0x8e1 ./source/MKL25Z128xxx4_Timer.o
 .debug_line    0x00000000000018d6      0x252 ./source/SwTimer.o
 .debug_line    0x0000000000001b28      0x5d5 ./source/cpp_config.o
 .debug_line    0x00000000000020fd       0xda ./source/mtb.o
 .debug_line    0x00000000000021d7       0x5a ./source/semihost_hardfault.o
 .debug_line    0x0000000000002231     0x1483 ./drivers/fsl_clock.o
 .debug_line    0x00000000000036b4      0x522 ./drivers/fsl_common.o
 .debug_line    0x0000000000003bd6      0x8d5 ./drivers/fsl_dma.o
 .debug_line    0x00000000000044ab     0x1448 ./drivers/fsl_i2c.o
 .debug_line    0x00000000000058f3      0xf04 ./drivers/fsl_lpsci.o
 .debug_line    0x00000000000067f7      0xc86 ./drivers/fsl_spi.o
 .debug_line    0x000000000000747d      0xef2 ./drivers/fsl_uart.o
 .debug_line    0x000000000000836f      0x4b5 ./board/board.o
 .debug_line    0x0000000000008824      0x545 ./board/clock_config.o
 .debug_line    0x0000000000008d69       0x5c ./board/peripherals.o
 .debug_line    0x0000000000008dc5      0x4cc ./board/pin_mux.o
 .debug_line    0x0000000000009291      0x492 ./CMSIS/system_MKL25Z4.o

.debug_str      0x0000000000000000    0x3e0ba
 .debug_str     0x0000000000000000    0x3395a ./utilities/fsl_debug_console.o
                                      0x33e4c (size before relaxing)
 .debug_str     0x000000000003395a      0x9cb ./startup/startup_mkl25z4.o
                                       0x35ae (size before relaxing)
 .debug_str     0x0000000000034325     0x3699 ./source/MKL25Z128xxx4_Timer.o
                                      0x36233 (size before relaxing)
 .debug_str     0x00000000000379be       0x3a ./source/SwTimer.o
                                       0x3f06 (size before relaxing)
 .debug_str     0x00000000000379f8     0x192f ./source/cpp_config.o
                                       0x7ed3 (size before relaxing)
 .debug_str     0x0000000000039327      0x532 ./source/mtb.o
                                       0x32bf (size before relaxing)
 .debug_str     0x0000000000039859       0x1f ./source/semihost_hardfault.o
                                       0x2dac (size before relaxing)
 .debug_str     0x0000000000039878     0x14d5 ./drivers/fsl_clock.o
                                      0x3490b (size before relaxing)
 .debug_str     0x000000000003ad4d      0x113 ./drivers/fsl_common.o
                                      0x32eeb (size before relaxing)
 .debug_str     0x000000000003ae60      0x77d ./drivers/fsl_dma.o
                                      0x33bce (size before relaxing)
 .debug_str     0x000000000003b5dd      0xc0a ./drivers/fsl_i2c.o
                                      0x340e5 (size before relaxing)
 .debug_str     0x000000000003c1e7      0x921 ./drivers/fsl_lpsci.o
                                      0x33f13 (size before relaxing)
 .debug_str     0x000000000003cb08      0x7b8 ./drivers/fsl_spi.o
                                      0x33cd5 (size before relaxing)
 .debug_str     0x000000000003d2c0      0x832 ./drivers/fsl_uart.o
                                      0x33f36 (size before relaxing)
 .debug_str     0x000000000003daf2       0x4c ./board/board.o
                                      0x33a49 (size before relaxing)
 .debug_str     0x000000000003db3e      0x300 ./board/clock_config.o
                                      0x3381b (size before relaxing)
 .debug_str     0x000000000003de3e       0x31 ./board/peripherals.o
                                       0x2dbd (size before relaxing)
 .debug_str     0x000000000003de6f      0x1fc ./board/pin_mux.o
                                      0x32f7e (size before relaxing)
 .debug_str     0x000000000003e06b       0x4f ./CMSIS/system_MKL25Z4.o
                                      0x2f3c0 (size before relaxing)

.comment        0x0000000000000000       0x75
 .comment       0x0000000000000000       0x75 ./utilities/fsl_debug_console.o
                                         0x76 (size before relaxing)
 .comment       0x0000000000000075       0x76 ./startup/startup_mkl25z4.o
 .comment       0x0000000000000075       0x76 ./source/MKL25Z128xxx4_Timer.o
 .comment       0x0000000000000075       0x76 ./source/SwTimer.o
 .comment       0x0000000000000075       0x76 ./source/cpp_config.o
 .comment       0x0000000000000075       0x76 ./source/mtb.o
 .comment       0x0000000000000075       0x76 ./source/semihost_hardfault.o
 .comment       0x0000000000000075       0x76 ./drivers/fsl_clock.o
 .comment       0x0000000000000075       0x76 ./drivers/fsl_common.o
 .comment       0x0000000000000075       0x76 ./drivers/fsl_dma.o
 .comment       0x0000000000000075       0x76 ./drivers/fsl_i2c.o
 .comment       0x0000000000000075       0x76 ./drivers/fsl_lpsci.o
 .comment       0x0000000000000075       0x76 ./drivers/fsl_spi.o
 .comment       0x0000000000000075       0x76 ./drivers/fsl_uart.o
 .comment       0x0000000000000075       0x76 ./board/board.o
 .comment       0x0000000000000075       0x76 ./board/clock_config.o
 .comment       0x0000000000000075       0x76 ./board/peripherals.o
 .comment       0x0000000000000075       0x76 ./board/pin_mux.o
 .comment       0x0000000000000075       0x76 ./CMSIS/system_MKL25Z4.o

.ARM.attributes
                0x0000000000000000       0x2a
 .ARM.attributes
                0x0000000000000000       0x2c ./utilities/fsl_debug_console.o
 .ARM.attributes
                0x000000000000002c       0x2c ./startup/startup_mkl25z4.o
 .ARM.attributes
                0x0000000000000058       0x2c ./source/MKL25Z128xxx4_Timer.o
 .ARM.attributes
                0x0000000000000084       0x2c ./source/SwTimer.o
 .ARM.attributes
                0x00000000000000b0       0x2c ./source/cpp_config.o
 .ARM.attributes
                0x00000000000000dc       0x32 ./source/mtb.o
 .ARM.attributes
                0x000000000000010e       0x2c ./source/semihost_hardfault.o
 .ARM.attributes
                0x000000000000013a       0x2c ./drivers/fsl_clock.o
 .ARM.attributes
                0x0000000000000166       0x2c ./drivers/fsl_common.o
 .ARM.attributes
                0x0000000000000192       0x2c ./drivers/fsl_dma.o
 .ARM.attributes
                0x00000000000001be       0x2c ./drivers/fsl_i2c.o
 .ARM.attributes
                0x00000000000001ea       0x2c ./drivers/fsl_lpsci.o
 .ARM.attributes
                0x0000000000000216       0x2c ./drivers/fsl_spi.o
 .ARM.attributes
                0x0000000000000242       0x2c ./drivers/fsl_uart.o
 .ARM.attributes
                0x000000000000026e       0x2c ./board/board.o
 .ARM.attributes
                0x000000000000029a       0x2c ./board/clock_config.o
 .ARM.attributes
                0x00000000000002c6       0x2c ./board/peripherals.o
 .ARM.attributes
                0x00000000000002f2       0x2c ./board/pin_mux.o
 .ARM.attributes
                0x000000000000031e       0x2c ./CMSIS/system_MKL25Z4.o
 .ARM.attributes
                0x000000000000034a       0x1e /usr/local/mcuxpressoide-11.0.1_2563/ide/plugins/com.nxp.mcuxpresso.tools.linux_11.0.1.201907311258/tools/bin/../lib/gcc/arm-none-eabi/8.2.1/thumb/v6-m/nofp/libgcc.a(_udivsi3.o)
 .ARM.attributes
                0x0000000000000368       0x1e /usr/local/mcuxpressoide-11.0.1_2563/ide/plugins/com.nxp.mcuxpresso.tools.linux_11.0.1.201907311258/tools/bin/../lib/gcc/arm-none-eabi/8.2.1/thumb/v6-m/nofp/libgcc.a(_divsi3.o)
 .ARM.attributes
                0x0000000000000386       0x1e /usr/local/mcuxpressoide-11.0.1_2563/ide/plugins/com.nxp.mcuxpresso.tools.linux_11.0.1.201907311258/tools/bin/../lib/gcc/arm-none-eabi/8.2.1/thumb/v6-m/nofp/libgcc.a(_dvmd_tls.o)
 .ARM.attributes
                0x00000000000003a4       0x2c /usr/local/mcuxpressoide-11.0.1_2563/ide/plugins/com.nxp.mcuxpresso.tools.linux_11.0.1.201907311258/tools/bin/../lib/gcc/arm-none-eabi/8.2.1/../../../../arm-none-eabi/lib/thumb/v6-m/nofp/libc_nano.a(lib_a-init.o)
 .ARM.attributes
                0x00000000000003d0       0x2c /usr/local/mcuxpressoide-11.0.1_2563/ide/plugins/com.nxp.mcuxpresso.tools.linux_11.0.1.201907311258/tools/bin/../lib/gcc/arm-none-eabi/8.2.1/../../../../arm-none-eabi/lib/thumb/v6-m/nofp/libc_nano.a(lib_a-memset.o)
 .ARM.attributes
                0x00000000000003fc       0x1c /usr/local/mcuxpressoide-11.0.1_2563/ide/plugins/com.nxp.mcuxpresso.tools.linux_11.0.1.201907311258/tools/bin/../lib/gcc/arm-none-eabi/8.2.1/../../../../arm-none-eabi/lib/thumb/v6-m/nofp/libc_nano.a(lib_a-strlen.o)
 .ARM.attributes
                0x0000000000000418       0x1e /usr/local/mcuxpressoide-11.0.1_2563/ide/plugins/com.nxp.mcuxpresso.tools.linux_11.0.1.201907311258/tools/bin/../lib/gcc/arm-none-eabi/8.2.1/thumb/v6-m/nofp/crti.o
 .ARM.attributes
                0x0000000000000436       0x1e /usr/local/mcuxpressoide-11.0.1_2563/ide/plugins/com.nxp.mcuxpresso.tools.linux_11.0.1.201907311258/tools/bin/../lib/gcc/arm-none-eabi/8.2.1/thumb/v6-m/nofp/crtn.o
 .ARM.attributes
                0x0000000000000454       0x2c /usr/local/mcuxpressoide-11.0.1_2563/ide/plugins/com.nxp.mcuxpresso.tools.linux_11.0.1.201907311258/tools/bin/../lib/gcc/arm-none-eabi/8.2.1/thumb/v6-m/nofp/crtbegin.o

.debug_frame    0x0000000000000000     0x299c
 .debug_frame   0x0000000000000000      0x1f0 ./utilities/fsl_debug_console.o
 .debug_frame   0x00000000000001f0      0x3b0 ./startup/startup_mkl25z4.o
 .debug_frame   0x00000000000005a0      0x22c ./source/MKL25Z128xxx4_Timer.o
 .debug_frame   0x00000000000007cc      0x138 ./source/SwTimer.o
 .debug_frame   0x0000000000000904       0xcc ./source/cpp_config.o
 .debug_frame   0x00000000000009d0       0x20 ./source/semihost_hardfault.o
 .debug_frame   0x00000000000009f0      0x6e4 ./drivers/fsl_clock.o
 .debug_frame   0x00000000000010d4       0x90 ./drivers/fsl_common.o
 .debug_frame   0x0000000000001164      0x2e0 ./drivers/fsl_dma.o
 .debug_frame   0x0000000000001444      0x58c ./drivers/fsl_i2c.o
 .debug_frame   0x00000000000019d0      0x418 ./drivers/fsl_lpsci.o
 .debug_frame   0x0000000000001de8      0x470 ./drivers/fsl_spi.o
 .debug_frame   0x0000000000002258      0x468 ./drivers/fsl_uart.o
 .debug_frame   0x00000000000026c0       0x50 ./board/board.o
 .debug_frame   0x0000000000002710      0x100 ./board/clock_config.o
 .debug_frame   0x0000000000002810       0x2c ./board/peripherals.o
 .debug_frame   0x000000000000283c       0x88 ./board/pin_mux.o
 .debug_frame   0x00000000000028c4       0x4c ./CMSIS/system_MKL25Z4.o
 .debug_frame   0x0000000000002910       0x20 /usr/local/mcuxpressoide-11.0.1_2563/ide/plugins/com.nxp.mcuxpresso.tools.linux_11.0.1.201907311258/tools/bin/../lib/gcc/arm-none-eabi/8.2.1/thumb/v6-m/nofp/libgcc.a(_udivsi3.o)
 .debug_frame   0x0000000000002930       0x20 /usr/local/mcuxpressoide-11.0.1_2563/ide/plugins/com.nxp.mcuxpresso.tools.linux_11.0.1.201907311258/tools/bin/../lib/gcc/arm-none-eabi/8.2.1/thumb/v6-m/nofp/libgcc.a(_divsi3.o)
 .debug_frame   0x0000000000002950       0x2c /usr/local/mcuxpressoide-11.0.1_2563/ide/plugins/com.nxp.mcuxpresso.tools.linux_11.0.1.201907311258/tools/bin/../lib/gcc/arm-none-eabi/8.2.1/../../../../arm-none-eabi/lib/thumb/v6-m/nofp/libc_nano.a(lib_a-init.o)
 .debug_frame   0x000000000000297c       0x20 /usr/local/mcuxpressoide-11.0.1_2563/ide/plugins/com.nxp.mcuxpresso.tools.linux_11.0.1.201907311258/tools/bin/../lib/gcc/arm-none-eabi/8.2.1/../../../../arm-none-eabi/lib/thumb/v6-m/nofp/libc_nano.a(lib_a-memset.o)

Cross Reference Table

Symbol                                            File
ADC0_DriverIRQHandler                             ./startup/startup_mkl25z4.o
ADC0_IRQHandler                                   ./startup/startup_mkl25z4.o
ADC16_ClearStatusFlags                            ./drivers/fsl_adc16.o
ADC16_Deinit                                      ./drivers/fsl_adc16.o
ADC16_DoAutoCalibration                           ./drivers/fsl_adc16.o
ADC16_GetChannelStatusFlags                       ./drivers/fsl_adc16.o
ADC16_GetDefaultConfig                            ./drivers/fsl_adc16.o
ADC16_GetStatusFlags                              ./drivers/fsl_adc16.o
ADC16_Init                                        ./drivers/fsl_adc16.o
ADC16_SetChannelConfig                            ./drivers/fsl_adc16.o
ADC16_SetChannelMuxMode                           ./drivers/fsl_adc16.o
ADC16_SetHardwareAverage                          ./drivers/fsl_adc16.o
ADC16_SetHardwareCompareConfig                    ./drivers/fsl_adc16.o
BOARD_BootClockRUN                                ./board/clock_config.o
BOARD_BootClockVLPR                               ./board/clock_config.o
BOARD_InitBootClocks                              ./board/clock_config.o
                                                  ./source/MKL25Z128xxx4_Timer.o
BOARD_InitBootPeripherals                         ./board/peripherals.o
                                                  ./source/MKL25Z128xxx4_Timer.o
BOARD_InitBootPins                                ./board/pin_mux.o
                                                  ./source/MKL25Z128xxx4_Timer.o
BOARD_InitDebugConsole                            ./board/board.o
                                                  ./source/MKL25Z128xxx4_Timer.o
BOARD_InitPins                                    ./board/pin_mux.o
CLOCK_BootToBlpeMode                              ./drivers/fsl_clock.o
CLOCK_BootToBlpiMode                              ./drivers/fsl_clock.o
                                                  ./board/clock_config.o
CLOCK_BootToFeeMode                               ./drivers/fsl_clock.o
CLOCK_BootToFeiMode                               ./drivers/fsl_clock.o
CLOCK_BootToPeeMode                               ./drivers/fsl_clock.o
                                                  ./board/clock_config.o
CLOCK_CalcPllDiv                                  ./drivers/fsl_clock.o
CLOCK_ClearStatusFlags                            ./drivers/fsl_clock.o
CLOCK_DeinitOsc0                                  ./drivers/fsl_clock.o
CLOCK_EnablePll0                                  ./drivers/fsl_clock.o
CLOCK_EnableUsbfs0Clock                           ./drivers/fsl_clock.o
CLOCK_ExternalModeToFbeModeQuick                  ./drivers/fsl_clock.o
CLOCK_FllStableDelay                              ./drivers/fsl_clock.o
CLOCK_GetBusClkFreq                               ./drivers/fsl_clock.o
CLOCK_GetCoreSysClkFreq                           ./drivers/fsl_clock.o
CLOCK_GetEr32kClkFreq                             ./drivers/fsl_clock.o
CLOCK_GetFixedFreqClkFreq                         ./drivers/fsl_clock.o
CLOCK_GetFlashClkFreq                             ./drivers/fsl_clock.o
CLOCK_GetFllFreq                                  ./drivers/fsl_clock.o
CLOCK_GetFreq                                     ./drivers/fsl_clock.o
                                                  ./source/MKL25Z128xxx4_Timer.o
CLOCK_GetInternalRefClkFreq                       ./drivers/fsl_clock.o
CLOCK_GetMode                                     ./drivers/fsl_clock.o
CLOCK_GetOsc0ErClkFreq                            ./drivers/fsl_clock.o
CLOCK_GetOutClkFreq                               ./drivers/fsl_clock.o
CLOCK_GetPlatClkFreq                              ./drivers/fsl_clock.o
CLOCK_GetPll0Freq                                 ./drivers/fsl_clock.o
CLOCK_GetPllFllSelClkFreq                         ./drivers/fsl_clock.o
                                                  ./board/board.o
CLOCK_GetStatusFlags                              ./drivers/fsl_clock.o
CLOCK_InitOsc0                                    ./drivers/fsl_clock.o
                                                  ./board/clock_config.o
CLOCK_InternalModeToFbiModeQuick                  ./drivers/fsl_clock.o
CLOCK_SetBlpeMode                                 ./drivers/fsl_clock.o
CLOCK_SetBlpiMode                                 ./drivers/fsl_clock.o
CLOCK_SetExternalRefClkConfig                     ./drivers/fsl_clock.o
CLOCK_SetFbeMode                                  ./drivers/fsl_clock.o
CLOCK_SetFbiMode                                  ./drivers/fsl_clock.o
CLOCK_SetFeeMode                                  ./drivers/fsl_clock.o
CLOCK_SetFeiMode                                  ./drivers/fsl_clock.o
CLOCK_SetInternalRefClkConfig                     ./drivers/fsl_clock.o
                                                  ./board/clock_config.o
CLOCK_SetMcgConfig                                ./drivers/fsl_clock.o
CLOCK_SetOsc0MonitorMode                          ./drivers/fsl_clock.o
CLOCK_SetPbeMode                                  ./drivers/fsl_clock.o
CLOCK_SetPeeMode                                  ./drivers/fsl_clock.o
CLOCK_SetPll0MonitorMode                          ./drivers/fsl_clock.o
CLOCK_SetSimConfig                                ./drivers/fsl_clock.o
                                                  ./board/clock_config.o
CLOCK_TrimInternalRefClk                          ./drivers/fsl_clock.o
CMP0_DriverIRQHandler                             ./startup/startup_mkl25z4.o
CMP0_IRQHandler                                   ./startup/startup_mkl25z4.o
CMP_ClearStatusFlags                              ./drivers/fsl_cmp.o
CMP_Deinit                                        ./drivers/fsl_cmp.o
CMP_DisableInterrupts                             ./drivers/fsl_cmp.o
CMP_EnableDMA                                     ./drivers/fsl_cmp.o
CMP_EnableInterrupts                              ./drivers/fsl_cmp.o
CMP_GetDefaultConfig                              ./drivers/fsl_cmp.o
CMP_GetStatusFlags                                ./drivers/fsl_cmp.o
CMP_Init                                          ./drivers/fsl_cmp.o
CMP_SetDACConfig                                  ./drivers/fsl_cmp.o
CMP_SetFilterConfig                               ./drivers/fsl_cmp.o
CMP_SetInputChannels                              ./drivers/fsl_cmp.o
COP_GetDefaultConfig                              ./drivers/fsl_cop.o
COP_Init                                          ./drivers/fsl_cop.o
COP_Refresh                                       ./drivers/fsl_cop.o
DAC0_DriverIRQHandler                             ./startup/startup_mkl25z4.o
DAC0_IRQHandler                                   ./startup/startup_mkl25z4.o
DAC_ClearBufferStatusFlags                        ./drivers/fsl_dac.o
DAC_Deinit                                        ./drivers/fsl_dac.o
DAC_DisableBufferInterrupts                       ./drivers/fsl_dac.o
DAC_EnableBufferInterrupts                        ./drivers/fsl_dac.o
DAC_GetBufferStatusFlags                          ./drivers/fsl_dac.o
DAC_GetDefaultBufferConfig                        ./drivers/fsl_dac.o
DAC_GetDefaultConfig                              ./drivers/fsl_dac.o
DAC_Init                                          ./drivers/fsl_dac.o
DAC_SetBufferConfig                               ./drivers/fsl_dac.o
DAC_SetBufferReadPointer                          ./drivers/fsl_dac.o
DAC_SetBufferValue                                ./drivers/fsl_dac.o
DMA0_DriverIRQHandler                             ./drivers/fsl_dma.o
                                                  ./startup/startup_mkl25z4.o
DMA0_IRQHandler                                   ./startup/startup_mkl25z4.o
DMA1_DriverIRQHandler                             ./drivers/fsl_dma.o
                                                  ./startup/startup_mkl25z4.o
DMA1_IRQHandler                                   ./startup/startup_mkl25z4.o
DMA2_DriverIRQHandler                             ./drivers/fsl_dma.o
                                                  ./startup/startup_mkl25z4.o
DMA2_IRQHandler                                   ./startup/startup_mkl25z4.o
DMA3_DriverIRQHandler                             ./drivers/fsl_dma.o
                                                  ./startup/startup_mkl25z4.o
DMA3_IRQHandler                                   ./startup/startup_mkl25z4.o
DMAMUX_Deinit                                     ./drivers/fsl_dmamux.o
DMAMUX_Init                                       ./drivers/fsl_dmamux.o
DMA_AbortTransfer                                 ./drivers/fsl_dma.o
                                                  ./drivers/fsl_uart_dma.o
                                                  ./drivers/fsl_lpsci_dma.o
                                                  ./drivers/fsl_i2c_dma.o
DMA_CreateHandle                                  ./drivers/fsl_dma.o
DMA_Deinit                                        ./drivers/fsl_dma.o
DMA_HandleIRQ                                     ./drivers/fsl_dma.o
DMA_Init                                          ./drivers/fsl_dma.o
DMA_PrepareTransfer                               ./drivers/fsl_dma.o
                                                  ./drivers/fsl_uart_dma.o
                                                  ./drivers/fsl_lpsci_dma.o
DMA_ResetChannel                                  ./drivers/fsl_dma.o
DMA_SetCallback                                   ./drivers/fsl_dma.o
                                                  ./drivers/fsl_uart_dma.o
                                                  ./drivers/fsl_spi_dma.o
                                                  ./drivers/fsl_lpsci_dma.o
                                                  ./drivers/fsl_i2c_dma.o
DMA_SetChannelLinkConfig                          ./drivers/fsl_dma.o
DMA_SetModulo                                     ./drivers/fsl_dma.o
DMA_SetTransferConfig                             ./drivers/fsl_dma.o
DMA_SubmitTransfer                                ./drivers/fsl_dma.o
                                                  ./drivers/fsl_uart_dma.o
                                                  ./drivers/fsl_spi_dma.o
                                                  ./drivers/fsl_lpsci_dma.o
                                                  ./drivers/fsl_i2c_dma.o
DbgConsole_Deinit                                 ./utilities/fsl_debug_console.o
DbgConsole_Getchar                                ./utilities/fsl_debug_console.o
DbgConsole_Init                                   ./utilities/fsl_debug_console.o
                                                  ./board/board.o
DbgConsole_Printf                                 ./utilities/fsl_debug_console.o
                                                  ./drivers/fsl_common.o
                                                  ./source/MKL25Z128xxx4_Timer.o
DbgConsole_Putchar                                ./utilities/fsl_debug_console.o
DbgConsole_Scanf                                  ./utilities/fsl_debug_console.o
FLASH_Erase                                       ./drivers/fsl_flash.o
FLASH_EraseAll                                    ./drivers/fsl_flash.o
FLASH_EraseAllExecuteOnlySegments                 ./drivers/fsl_flash.o
FLASH_GetProperty                                 ./drivers/fsl_flash.o
FLASH_GetSecurityState                            ./drivers/fsl_flash.o
FLASH_Init                                        ./drivers/fsl_flash.o
FLASH_IsExecuteOnly                               ./drivers/fsl_flash.o
FLASH_IsProtected                                 ./drivers/fsl_flash.o
FLASH_PflashGetPrefetchSpeculation                ./drivers/fsl_flash.o
FLASH_PflashGetProtection                         ./drivers/fsl_flash.o
FLASH_PflashSetPrefetchSpeculation                ./drivers/fsl_flash.o
                                                  ./drivers/fsl_smc.o
FLASH_PflashSetProtection                         ./drivers/fsl_flash.o
FLASH_PrepareExecuteInRamFunctions                ./drivers/fsl_flash.o
FLASH_Program                                     ./drivers/fsl_flash.o
FLASH_ProgramOnce                                 ./drivers/fsl_flash.o
FLASH_ReadOnce                                    ./drivers/fsl_flash.o
FLASH_ReadResource                                ./drivers/fsl_flash.o
FLASH_SecurityBypass                              ./drivers/fsl_flash.o
FLASH_SetCallback                                 ./drivers/fsl_flash.o
FLASH_SetProperty                                 ./drivers/fsl_flash.o
FLASH_VerifyErase                                 ./drivers/fsl_flash.o
FLASH_VerifyEraseAll                              ./drivers/fsl_flash.o
FLASH_VerifyEraseAllExecuteOnlySegments           ./drivers/fsl_flash.o
FLASH_VerifyProgram                               ./drivers/fsl_flash.o
FTFA_DriverIRQHandler                             ./startup/startup_mkl25z4.o
FTFA_IRQHandler                                   ./startup/startup_mkl25z4.o
GPIO_ClearPinsInterruptFlags                      ./drivers/fsl_gpio.o
GPIO_GetPinsInterruptFlags                        ./drivers/fsl_gpio.o
GPIO_PinInit                                      ./drivers/fsl_gpio.o
HardFault_Handler                                 ./source/semihost_hardfault.o
                                                  ./startup/startup_mkl25z4.o
I2C0_DriverIRQHandler                             ./drivers/fsl_i2c.o
                                                  ./startup/startup_mkl25z4.o
I2C0_IRQHandler                                   ./startup/startup_mkl25z4.o
I2C1_DriverIRQHandler                             ./drivers/fsl_i2c.o
                                                  ./startup/startup_mkl25z4.o
I2C1_IRQHandler                                   ./startup/startup_mkl25z4.o
I2C_DisableInterrupts                             ./drivers/fsl_i2c.o
I2C_EnableInterrupts                              ./drivers/fsl_i2c.o
I2C_GetInstance                                   ./drivers/fsl_i2c.o
                                                  ./drivers/fsl_i2c_dma.o
I2C_MasterDeinit                                  ./drivers/fsl_i2c.o
I2C_MasterGetDefaultConfig                        ./drivers/fsl_i2c.o
I2C_MasterGetStatusFlags                          ./drivers/fsl_i2c.o
I2C_MasterInit                                    ./drivers/fsl_i2c.o
I2C_MasterReadBlocking                            ./drivers/fsl_i2c.o
I2C_MasterRepeatedStart                           ./drivers/fsl_i2c.o
                                                  ./drivers/fsl_i2c_dma.o
I2C_MasterSetBaudRate                             ./drivers/fsl_i2c.o
I2C_MasterStart                                   ./drivers/fsl_i2c.o
                                                  ./drivers/fsl_i2c_dma.o
I2C_MasterStop                                    ./drivers/fsl_i2c.o
                                                  ./drivers/fsl_i2c_dma.o
I2C_MasterTransferAbort                           ./drivers/fsl_i2c.o
I2C_MasterTransferAbortDMA                        ./drivers/fsl_i2c_dma.o
I2C_MasterTransferBlocking                        ./drivers/fsl_i2c.o
I2C_MasterTransferCreateHandle                    ./drivers/fsl_i2c.o
I2C_MasterTransferCreateHandleDMA                 ./drivers/fsl_i2c_dma.o
I2C_MasterTransferDMA                             ./drivers/fsl_i2c_dma.o
I2C_MasterTransferGetCount                        ./drivers/fsl_i2c.o
I2C_MasterTransferGetCountDMA                     ./drivers/fsl_i2c_dma.o
I2C_MasterTransferHandleIRQ                       ./drivers/fsl_i2c.o
I2C_MasterTransferNonBlocking                     ./drivers/fsl_i2c.o
I2C_MasterWriteBlocking                           ./drivers/fsl_i2c.o
I2C_SlaveDeinit                                   ./drivers/fsl_i2c.o
I2C_SlaveGetDefaultConfig                         ./drivers/fsl_i2c.o
I2C_SlaveInit                                     ./drivers/fsl_i2c.o
I2C_SlaveReadBlocking                             ./drivers/fsl_i2c.o
I2C_SlaveTransferAbort                            ./drivers/fsl_i2c.o
I2C_SlaveTransferCreateHandle                     ./drivers/fsl_i2c.o
I2C_SlaveTransferGetCount                         ./drivers/fsl_i2c.o
I2C_SlaveTransferHandleIRQ                        ./drivers/fsl_i2c.o
I2C_SlaveTransferNonBlocking                      ./drivers/fsl_i2c.o
I2C_SlaveWriteBlocking                            ./drivers/fsl_i2c.o
InstallIRQHandler                                 ./drivers/fsl_common.o
IntDefaultHandler                                 ./startup/startup_mkl25z4.o
LLWU_ClearExternalWakeupPinFlag                   ./drivers/fsl_llwu.o
LLWU_ClearPinFilterFlag                           ./drivers/fsl_llwu.o
LLWU_DriverIRQHandler                             ./startup/startup_mkl25z4.o
LLWU_GetExternalWakeupPinFlag                     ./drivers/fsl_llwu.o
LLWU_GetPinFilterFlag                             ./drivers/fsl_llwu.o
LLWU_IRQHandler                                   ./startup/startup_mkl25z4.o
LLWU_SetExternalWakeupPinMode                     ./drivers/fsl_llwu.o
LLWU_SetPinFilterMode                             ./drivers/fsl_llwu.o
LPSCI_ClearStatusFlags                            ./drivers/fsl_lpsci.o
LPSCI_Deinit                                      ./drivers/fsl_lpsci.o
                                                  ./utilities/fsl_debug_console.o
LPSCI_DisableInterrupts                           ./drivers/fsl_lpsci.o
LPSCI_EnableInterrupts                            ./drivers/fsl_lpsci.o
LPSCI_GetDefaultConfig                            ./drivers/fsl_lpsci.o
                                                  ./utilities/fsl_debug_console.o
LPSCI_GetEnabledInterrupts                        ./drivers/fsl_lpsci.o
LPSCI_GetInstance                                 ./drivers/fsl_lpsci.o
                                                  ./drivers/fsl_lpsci_dma.o
LPSCI_GetStatusFlags                              ./drivers/fsl_lpsci.o
LPSCI_Init                                        ./drivers/fsl_lpsci.o
                                                  ./utilities/fsl_debug_console.o
LPSCI_ReadBlocking                                ./drivers/fsl_lpsci.o
                                                  ./utilities/fsl_debug_console.o
LPSCI_SetBaudRate                                 ./drivers/fsl_lpsci.o
LPSCI_TransferAbortReceive                        ./drivers/fsl_lpsci.o
LPSCI_TransferAbortReceiveDMA                     ./drivers/fsl_lpsci_dma.o
LPSCI_TransferAbortSend                           ./drivers/fsl_lpsci.o
LPSCI_TransferAbortSendDMA                        ./drivers/fsl_lpsci_dma.o
LPSCI_TransferCreateHandle                        ./drivers/fsl_lpsci.o
LPSCI_TransferCreateHandleDMA                     ./drivers/fsl_lpsci_dma.o
LPSCI_TransferGetReceiveCount                     ./drivers/fsl_lpsci.o
LPSCI_TransferGetReceiveCountDMA                  ./drivers/fsl_lpsci_dma.o
LPSCI_TransferGetSendCount                        ./drivers/fsl_lpsci.o
LPSCI_TransferGetSendCountDMA                     ./drivers/fsl_lpsci_dma.o
LPSCI_TransferHandleErrorIRQ                      ./drivers/fsl_lpsci.o
LPSCI_TransferHandleIRQ                           ./drivers/fsl_lpsci.o
LPSCI_TransferReceiveDMA                          ./drivers/fsl_lpsci_dma.o
LPSCI_TransferReceiveNonBlocking                  ./drivers/fsl_lpsci.o
LPSCI_TransferSendDMA                             ./drivers/fsl_lpsci_dma.o
LPSCI_TransferSendNonBlocking                     ./drivers/fsl_lpsci.o
LPSCI_TransferStartRingBuffer                     ./drivers/fsl_lpsci.o
LPSCI_TransferStopRingBuffer                      ./drivers/fsl_lpsci.o
LPSCI_WriteBlocking                               ./drivers/fsl_lpsci.o
                                                  ./utilities/fsl_debug_console.o
LPTMR0_DriverIRQHandler                           ./startup/startup_mkl25z4.o
LPTMR0_IRQHandler                                 ./startup/startup_mkl25z4.o
LPTMR_Deinit                                      ./drivers/fsl_lptmr.o
LPTMR_GetDefaultConfig                            ./drivers/fsl_lptmr.o
LPTMR_Init                                        ./drivers/fsl_lptmr.o
LVD_LVW_DriverIRQHandler                          ./startup/startup_mkl25z4.o
LVD_LVW_IRQHandler                                ./startup/startup_mkl25z4.o
MCG_DriverIRQHandler                              ./startup/startup_mkl25z4.o
MCG_IRQHandler                                    ./startup/startup_mkl25z4.o
NMI_Handler                                       ./startup/startup_mkl25z4.o
PIT_Deinit                                        ./drivers/fsl_pit.o
PIT_DriverIRQHandler                              ./startup/startup_mkl25z4.o
PIT_GetLifetimeTimerCount                         ./drivers/fsl_pit.o
PIT_IRQHandler                                    ./startup/startup_mkl25z4.o
PIT_Init                                          ./drivers/fsl_pit.o
PMC_ConfigureBandgapBuffer                        ./drivers/fsl_pmc.o
PMC_ConfigureLowVoltDetect                        ./drivers/fsl_pmc.o
PMC_ConfigureLowVoltWarning                       ./drivers/fsl_pmc.o
PORTA_DriverIRQHandler                            ./startup/startup_mkl25z4.o
PORTA_IRQHandler                                  ./startup/startup_mkl25z4.o
PORTD_DriverIRQHandler                            ./startup/startup_mkl25z4.o
PORTD_IRQHandler                                  ./startup/startup_mkl25z4.o
PendSV_Handler                                    ./startup/startup_mkl25z4.o
RCM_ConfigureResetPinFilter                       ./drivers/fsl_rcm.o
RTC_ClearStatusFlags                              ./drivers/fsl_rtc.o
RTC_DriverIRQHandler                              ./startup/startup_mkl25z4.o
RTC_GetAlarm                                      ./drivers/fsl_rtc.o
RTC_GetDatetime                                   ./drivers/fsl_rtc.o
RTC_GetDefaultConfig                              ./drivers/fsl_rtc.o
RTC_IRQHandler                                    ./startup/startup_mkl25z4.o
RTC_Init                                          ./drivers/fsl_rtc.o
RTC_Seconds_DriverIRQHandler                      ./startup/startup_mkl25z4.o
RTC_Seconds_IRQHandler                            ./startup/startup_mkl25z4.o
RTC_SetAlarm                                      ./drivers/fsl_rtc.o
RTC_SetDatetime                                   ./drivers/fsl_rtc.o
Reserved20_DriverIRQHandler                       ./startup/startup_mkl25z4.o
Reserved20_IRQHandler                             ./startup/startup_mkl25z4.o
Reserved39_DriverIRQHandler                       ./startup/startup_mkl25z4.o
Reserved39_IRQHandler                             ./startup/startup_mkl25z4.o
Reserved45_DriverIRQHandler                       ./startup/startup_mkl25z4.o
Reserved45_IRQHandler                             ./startup/startup_mkl25z4.o
ResetISR                                          ./startup/startup_mkl25z4.o
SIM_GetUniqueId                                   ./drivers/fsl_sim.o
SIM_SetUsbVoltRegulatorEnableMode                 ./drivers/fsl_sim.o
SMC_PostExitStopModes                             ./drivers/fsl_smc.o
SMC_PreEnterStopModes                             ./drivers/fsl_smc.o
SMC_SetPowerModeLls                               ./drivers/fsl_smc.o
SMC_SetPowerModeRun                               ./drivers/fsl_smc.o
SMC_SetPowerModeStop                              ./drivers/fsl_smc.o
SMC_SetPowerModeVlls                              ./drivers/fsl_smc.o
SMC_SetPowerModeVlpr                              ./drivers/fsl_smc.o
                                                  ./board/clock_config.o
SMC_SetPowerModeVlps                              ./drivers/fsl_smc.o
SMC_SetPowerModeVlpw                              ./drivers/fsl_smc.o
SMC_SetPowerModeWait                              ./drivers/fsl_smc.o
SPI0_DriverIRQHandler                             ./drivers/fsl_spi.o
                                                  ./startup/startup_mkl25z4.o
SPI0_IRQHandler                                   ./startup/startup_mkl25z4.o
SPI1_DriverIRQHandler                             ./drivers/fsl_spi.o
                                                  ./startup/startup_mkl25z4.o
SPI1_IRQHandler                                   ./startup/startup_mkl25z4.o
SPI_Deinit                                        ./drivers/fsl_spi.o
SPI_DisableInterrupts                             ./drivers/fsl_spi.o
SPI_EnableInterrupts                              ./drivers/fsl_spi.o
SPI_GetInstance                                   ./drivers/fsl_spi.o
                                                  ./drivers/fsl_spi_dma.o
SPI_GetStatusFlags                                ./drivers/fsl_spi.o
SPI_MasterGetDefaultConfig                        ./drivers/fsl_spi.o
SPI_MasterInit                                    ./drivers/fsl_spi.o
SPI_MasterSetBaudRate                             ./drivers/fsl_spi.o
SPI_MasterTransferAbort                           ./drivers/fsl_spi.o
SPI_MasterTransferAbortDMA                        ./drivers/fsl_spi_dma.o
SPI_MasterTransferBlocking                        ./drivers/fsl_spi.o